[warm] collected 24960 Acc ops -> 24960 unique shapes (single build 2268s); simulating with up to 8 workers
[warm] cache ready after 4375s total; repriced 49152 events, finalizing once
{
  "kind": "rag",
  "requests": 12,
  "reuse": {
    "cacheblend_full_recompute_layers": [],
    "cacheblend_partial_recompute_layers": [],
    "cacheblend_partial_rows": {},
    "cacheblend_recompute_ratio": 0.0,
    "cachecraft_alpha": 0.05,
    "epic_prefix_recompute_tokens": 1,
    "fresh_tokens": 299712,
    "policy": "no-reuse",
    "random_seed": 0,
    "recompute_canonical": false,
    "reusable_segments": [],
    "reused_tokens": 0
  },
  "tiers": {
    "0": [
      "q0",
      "q1",
      "q2",
      "q3",
      "q4",
      "q5",
      "q6",
      "q7",
      "q8",
      "q9",
      "q10",
      "q11"
    ]
  },
  "total_history_tokens": 0,
  "total_input_tokens": 299712,
  "total_output_tokens": 768
}
dgx-attacc: (A100a x 8), PIM:bank, [Lin, Lout, batch]: [2048, 128, 1]
Wrote ablation report to /data2/chenyi9/KV-PIM/attacc_drampim_xinyao/output/20260828-130628_workload_multisource_rag_n12s96_LLAMA3-8B_k2/dag_A1.json
REPORT_SUMMARY {"ablation": "A1", "decode_attn": "pim", "energy_nj": 281717722588234.25, "engine": "dag", "event_count": 329344, "kv_mapping": "private", "link_bytes": 39410073600, "makespan_s": 86.68631767922881, "pim_prefill_mode": "gpu", "policy": "no-reuse-physical"}
