{
  "kind": "supervisor",
  "requests": 12,
  "reuse": {
    "cacheblend_full_recompute_layers": [],
    "cacheblend_partial_recompute_layers": [],
    "cacheblend_partial_rows": {},
    "cacheblend_recompute_ratio": 0.0,
    "cachecraft_alpha": 0.05,
    "epic_prefix_recompute_tokens": 2,
    "fresh_tokens": 14200,
    "policy": "recompute",
    "random_seed": 0,
    "recompute_canonical": false,
    "reusable_segments": [
      {
        "cache_owner": "architect",
        "epic_prefix_rows": [
          197,
          215
        ],
        "fingerprint": "502d6ac53c58df59",
        "length": 256,
        "owner_tier": 0,
        "request": "engineer.c0",
        "segment_index": 0
      },
      {
        "cache_owner": "architect",
        "epic_prefix_rows": [
          20,
          132
        ],
        "fingerprint": "e30e7f3e32cc7675",
        "length": 256,
        "owner_tier": 0,
        "request": "engineer.c0",
        "segment_index": 2
      },
      {
        "cache_owner": "architect",
        "epic_prefix_rows": [
          207,
          248
        ],
        "fingerprint": "46e1f25013f58b80",
        "length": 256,
        "owner_tier": 0,
        "request": "engineer.c0",
        "segment_index": 3
      },
      {
        "cache_owner": "architect",
        "epic_prefix_rows": [
          155,
          244
        ],
        "fingerprint": "851f3d9074e0570a",
        "length": 256,
        "owner_tier": 0,
        "request": "engineer.c0",
        "segment_index": 4
      },
      {
        "cache_owner": "architect",
        "epic_prefix_rows": [
          111,
          183
        ],
        "fingerprint": "d9429d02c5b014fc",
        "length": 256,
        "owner_tier": 0,
        "request": "engineer.c0",
        "segment_index": 5
      },
      {
        "cache_owner": "architect",
        "epic_prefix_rows": [
          71,
          144
        ],
        "fingerprint": "598b613b506df977",
        "length": 256,
        "owner_tier": 0,
        "request": "engineer.c0",
        "segment_index": 6
      },
      {
        "cache_owner": "engineer.c0",
        "epic_prefix_rows": [
          48,
          71
        ],
        "fingerprint": "15977e9d71490118",
        "length": 256,
        "owner_tier": 1,
        "request": "reviewer.c0",
        "segment_index": 0
      },
      {
        "cache_owner": "architect",
        "epic_prefix_rows": [
          75,
          128
        ],
        "fingerprint": "e30e7f3e32cc7675",
        "length": 256,
        "owner_tier": 0,
        "request": "reviewer.c0",
        "segment_index": 2
      },
      {
        "cache_owner": "architect",
        "epic_prefix_rows": [
          50,
          158
        ],
        "fingerprint": "46e1f25013f58b80",
        "length": 256,
        "owner_tier": 0,
        "request": "reviewer.c0",
        "segment_index": 3
      },
      {
        "cache_owner": "architect",
        "epic_prefix_rows": [
          37,
          169
        ],
        "fingerprint": "851f3d9074e0570a",
        "length": 256,
        "owner_tier": 0,
        "request": "reviewer.c0",
        "segment_index": 4
      },
      {
        "cache_owner": "architect",
        "epic_prefix_rows": [
          51,
          241
        ],
        "fingerprint": "d9429d02c5b014fc",
        "length": 256,
        "owner_tier": 0,
        "request": "reviewer.c0",
        "segment_index": 5
      },
      {
        "cache_owner": "architect",
        "epic_prefix_rows": [
          181,
          222
        ],
        "fingerprint": "598b613b506df977",
        "length": 256,
        "owner_tier": 0,
        "request": "reviewer.c0",
        "segment_index": 6
      },
      {
        "cache_owner": "engineer.c0",
        "epic_prefix_rows": [],
        "fingerprint": "a8281812b4377861",
        "length": 256,
        "owner_tier": 1,
        "request": "reviewer.c0",
        "segment_index": 7
      },
      {
        "cache_owner": "engineer.c0",
        "epic_prefix_rows": [],
        "fingerprint": "169f43e8691f7f9d",
        "length": 256,
        "owner_tier": 1,
        "request": "reviewer.c0",
        "segment_index": 8
      },
      {
        "cache_owner": "engineer.c0",
        "epic_prefix_rows": [],
        "fingerprint": "c7d4a3f9b85874a9",
        "length": 256,
        "owner_tier": 1,
        "request": "reviewer.c0",
        "segment_index": 9
      },
      {
        "cache_owner": "engineer.c0",
        "epic_prefix_rows": [],
        "fingerprint": "0b3ecb47572ca8fa",
        "length": 256,
        "owner_tier": 1,
        "request": "reviewer.c0",
        "segment_index": 10
      },
      {
        "cache_owner": "reviewer.c0",
        "epic_prefix_rows": [
          52,
          80
        ],
        "fingerprint": "a55a05d8fcbd1fc5",
        "length": 128,
        "owner_tier": 2,
        "request": "engineer.c1",
        "segment_index": 0
      },
      {
        "cache_owner": "engineer.c0",
        "epic_prefix_rows": [
          244,
          282
        ],
        "fingerprint": "12254cf62447c5f8",
        "length": 300,
        "owner_tier": 1,
        "request": "engineer.c1",
        "segment_index": 1
      },
      {
        "cache_owner": "architect",
        "epic_prefix_rows": [
          133,
          226
        ],
        "fingerprint": "e30e7f3e32cc7675",
        "length": 256,
        "owner_tier": 0,
        "request": "engineer.c1",
        "segment_index": 2
      },
      {
        "cache_owner": "architect",
        "epic_prefix_rows": [
          7,
          31
        ],
        "fingerprint": "46e1f25013f58b80",
        "length": 256,
        "owner_tier": 0,
        "request": "engineer.c1",
        "segment_index": 3
      },
      {
        "cache_owner": "architect",
        "epic_prefix_rows": [
          47,
          204
        ],
        "fingerprint": "851f3d9074e0570a",
        "length": 256,
        "owner_tier": 0,
        "request": "engineer.c1",
        "segment_index": 4
      },
      {
        "cache_owner": "architect",
        "epic_prefix_rows": [
          0,
          252
        ],
        "fingerprint": "d9429d02c5b014fc",
        "length": 256,
        "owner_tier": 0,
        "request": "engineer.c1",
        "segment_index": 5
      },
      {
        "cache_owner": "architect",
        "epic_prefix_rows": [
          124,
          170
        ],
        "fingerprint": "598b613b506df977",
        "length": 256,
        "owner_tier": 0,
        "request": "engineer.c1",
        "segment_index": 6
      },
      {
        "cache_owner": "engineer.c0",
        "epic_prefix_rows": [
          32,
          166
        ],
        "fingerprint": "a8281812b4377861",
        "length": 256,
        "owner_tier": 1,
        "request": "engineer.c1",
        "segment_index": 7
      },
      {
        "cache_owner": "engineer.c0",
        "epic_prefix_rows": [
          97,
          113
        ],
        "fingerprint": "169f43e8691f7f9d",
        "length": 256,
        "owner_tier": 1,
        "request": "engineer.c1",
        "segment_index": 8
      },
      {
        "cache_owner": "engineer.c0",
        "epic_prefix_rows": [
          72,
          122
        ],
        "fingerprint": "c7d4a3f9b85874a9",
        "length": 256,
        "owner_tier": 1,
        "request": "engineer.c1",
        "segment_index": 9
      },
      {
        "cache_owner": "engineer.c0",
        "epic_prefix_rows": [
          46,
          229
        ],
        "fingerprint": "0b3ecb47572ca8fa",
        "length": 256,
        "owner_tier": 1,
        "request": "engineer.c1",
        "segment_index": 10
      },
      {
        "cache_owner": "reviewer.c0",
        "epic_prefix_rows": [
          41,
          163
        ],
        "fingerprint": "a510d5918114be92",
        "length": 256,
        "owner_tier": 2,
        "request": "engineer.c1",
        "segment_index": 11
      },
      {
        "cache_owner": "reviewer.c0",
        "epic_prefix_rows": [
          55,
          250
        ],
        "fingerprint": "1a224eb830f60173",
        "length": 256,
        "owner_tier": 2,
        "request": "engineer.c1",
        "segment_index": 12
      },
      {
        "cache_owner": "reviewer.c0",
        "epic_prefix_rows": [
          149,
          154
        ],
        "fingerprint": "06cd9d70336c658f",
        "length": 256,
        "owner_tier": 2,
        "request": "engineer.c1",
        "segment_index": 13
      },
      {
        "cache_owner": "reviewer.c0",
        "epic_prefix_rows": [
          63,
          170
        ],
        "fingerprint": "b7b34609358edd44",
        "length": 256,
        "owner_tier": 2,
        "request": "engineer.c1",
        "segment_index": 14
      },
      {
        "cache_owner": "engineer.c1",
        "epic_prefix_rows": [
          104,
          147
        ],
        "fingerprint": "ed9620b4b157193f",
        "length": 256,
        "owner_tier": 3,
        "request": "reviewer.c1",
        "segment_index": 0
      },
      {
        "cache_owner": "reviewer.c0",
        "epic_prefix_rows": [],
        "fingerprint": "4a94037da58fd01b",
        "length": 300,
        "owner_tier": 2,
        "request": "reviewer.c1",
        "segment_index": 1
      },
      {
        "cache_owner": "architect",
        "epic_prefix_rows": [
          46,
          227
        ],
        "fingerprint": "e30e7f3e32cc7675",
        "length": 256,
        "owner_tier": 0,
        "request": "reviewer.c1",
        "segment_index": 2
      },
      {
        "cache_owner": "architect",
        "epic_prefix_rows": [
          162,
          197
        ],
        "fingerprint": "46e1f25013f58b80",
        "length": 256,
        "owner_tier": 0,
        "request": "reviewer.c1",
        "segment_index": 3
      },
      {
        "cache_owner": "architect",
        "epic_prefix_rows": [
          123,
          148
        ],
        "fingerprint": "851f3d9074e0570a",
        "length": 256,
        "owner_tier": 0,
        "request": "reviewer.c1",
        "segment_index": 4
      },
      {
        "cache_owner": "architect",
        "epic_prefix_rows": [
          94,
          96
        ],
        "fingerprint": "d9429d02c5b014fc",
        "length": 256,
        "owner_tier": 0,
        "request": "reviewer.c1",
        "segment_index": 5
      },
      {
        "cache_owner": "architect",
        "epic_prefix_rows": [
          16,
          95
        ],
        "fingerprint": "598b613b506df977",
        "length": 256,
        "owner_tier": 0,
        "request": "reviewer.c1",
        "segment_index": 6
      },
      {
        "cache_owner": "engineer.c0",
        "epic_prefix_rows": [],
        "fingerprint": "a8281812b4377861",
        "length": 256,
        "owner_tier": 1,
        "request": "reviewer.c1",
        "segment_index": 7
      },
      {
        "cache_owner": "engineer.c0",
        "epic_prefix_rows": [],
        "fingerprint": "169f43e8691f7f9d",
        "length": 256,
        "owner_tier": 1,
        "request": "reviewer.c1",
        "segment_index": 8
      },
      {
        "cache_owner": "engineer.c0",
        "epic_prefix_rows": [],
        "fingerprint": "c7d4a3f9b85874a9",
        "length": 256,
        "owner_tier": 1,
        "request": "reviewer.c1",
        "segment_index": 9
      },
      {
        "cache_owner": "engineer.c0",
        "epic_prefix_rows": [],
        "fingerprint": "0b3ecb47572ca8fa",
        "length": 256,
        "owner_tier": 1,
        "request": "reviewer.c1",
        "segment_index": 10
      },
      {
        "cache_owner": "reviewer.c0",
        "epic_prefix_rows": [],
        "fingerprint": "a510d5918114be92",
        "length": 256,
        "owner_tier": 2,
        "request": "reviewer.c1",
        "segment_index": 11
      },
      {
        "cache_owner": "reviewer.c0",
        "epic_prefix_rows": [],
        "fingerprint": "1a224eb830f60173",
        "length": 256,
        "owner_tier": 2,
        "request": "reviewer.c1",
        "segment_index": 12
      },
      {
        "cache_owner": "reviewer.c0",
        "epic_prefix_rows": [],
        "fingerprint": "06cd9d70336c658f",
        "length": 256,
        "owner_tier": 2,
        "request": "reviewer.c1",
        "segment_index": 13
      },
      {
        "cache_owner": "reviewer.c0",
        "epic_prefix_rows": [],
        "fingerprint": "b7b34609358edd44",
        "length": 256,
        "owner_tier": 2,
        "request": "reviewer.c1",
        "segment_index": 14
      },
      {
        "cache_owner": "engineer.c1",
        "epic_prefix_rows": [
          133,
          243
        ],
        "fingerprint": "d30cea729563785e",
        "length": 256,
        "owner_tier": 3,
        "request": "reviewer.c1",
        "segment_index": 15
      },
      {
        "cache_owner": "engineer.c1",
        "epic_prefix_rows": [
          35,
          45
        ],
        "fingerprint": "492829d0f2055bd1",
        "length": 256,
        "owner_tier": 3,
        "request": "reviewer.c1",
        "segment_index": 16
      },
      {
        "cache_owner": "engineer.c1",
        "epic_prefix_rows": [
          66,
          76
        ],
        "fingerprint": "28740e0b0dbf32c1",
        "length": 256,
        "owner_tier": 3,
        "request": "reviewer.c1",
        "segment_index": 17
      },
      {
        "cache_owner": "engineer.c1",
        "epic_prefix_rows": [
          19,
          41
        ],
        "fingerprint": "74a4cd82c12e15ed",
        "length": 256,
        "owner_tier": 3,
        "request": "reviewer.c1",
        "segment_index": 18
      },
      {
        "cache_owner": "reviewer.c1",
        "epic_prefix_rows": [
          70,
          100
        ],
        "fingerprint": "1f0262c157a7f43f",
        "length": 128,
        "owner_tier": 4,
        "request": "engineer.c2",
        "segment_index": 0
      },
      {
        "cache_owner": "engineer.c0",
        "epic_prefix_rows": [
          120,
          267
        ],
        "fingerprint": "12254cf62447c5f8",
        "length": 300,
        "owner_tier": 1,
        "request": "engineer.c2",
        "segment_index": 1
      },
      {
        "cache_owner": "architect",
        "epic_prefix_rows": [
          110,
          214
        ],
        "fingerprint": "e30e7f3e32cc7675",
        "length": 256,
        "owner_tier": 0,
        "request": "engineer.c2",
        "segment_index": 2
      },
      {
        "cache_owner": "architect",
        "epic_prefix_rows": [
          140,
          230
        ],
        "fingerprint": "46e1f25013f58b80",
        "length": 256,
        "owner_tier": 0,
        "request": "engineer.c2",
        "segment_index": 3
      },
      {
        "cache_owner": "architect",
        "epic_prefix_rows": [
          182,
          252
        ],
        "fingerprint": "851f3d9074e0570a",
        "length": 256,
        "owner_tier": 0,
        "request": "engineer.c2",
        "segment_index": 4
      },
      {
        "cache_owner": "architect",
        "epic_prefix_rows": [
          42,
          166
        ],
        "fingerprint": "d9429d02c5b014fc",
        "length": 256,
        "owner_tier": 0,
        "request": "engineer.c2",
        "segment_index": 5
      },
      {
        "cache_owner": "architect",
        "epic_prefix_rows": [
          59,
          249
        ],
        "fingerprint": "598b613b506df977",
        "length": 256,
        "owner_tier": 0,
        "request": "engineer.c2",
        "segment_index": 6
      },
      {
        "cache_owner": "engineer.c0",
        "epic_prefix_rows": [
          97,
          171
        ],
        "fingerprint": "a8281812b4377861",
        "length": 256,
        "owner_tier": 1,
        "request": "engineer.c2",
        "segment_index": 7
      },
      {
        "cache_owner": "engineer.c0",
        "epic_prefix_rows": [
          8,
          124
        ],
        "fingerprint": "169f43e8691f7f9d",
        "length": 256,
        "owner_tier": 1,
        "request": "engineer.c2",
        "segment_index": 8
      },
      {
        "cache_owner": "engineer.c0",
        "epic_prefix_rows": [
          59,
          138
        ],
        "fingerprint": "c7d4a3f9b85874a9",
        "length": 256,
        "owner_tier": 1,
        "request": "engineer.c2",
        "segment_index": 9
      },
      {
        "cache_owner": "engineer.c0",
        "epic_prefix_rows": [
          112,
          190
        ],
        "fingerprint": "0b3ecb47572ca8fa",
        "length": 256,
        "owner_tier": 1,
        "request": "engineer.c2",
        "segment_index": 10
      },
      {
        "cache_owner": "reviewer.c0",
        "epic_prefix_rows": [
          87,
          170
        ],
        "fingerprint": "a510d5918114be92",
        "length": 256,
        "owner_tier": 2,
        "request": "engineer.c2",
        "segment_index": 11
      },
      {
        "cache_owner": "reviewer.c0",
        "epic_prefix_rows": [
          31,
          218
        ],
        "fingerprint": "1a224eb830f60173",
        "length": 256,
        "owner_tier": 2,
        "request": "engineer.c2",
        "segment_index": 12
      },
      {
        "cache_owner": "reviewer.c0",
        "epic_prefix_rows": [
          51,
          74
        ],
        "fingerprint": "06cd9d70336c658f",
        "length": 256,
        "owner_tier": 2,
        "request": "engineer.c2",
        "segment_index": 13
      },
      {
        "cache_owner": "reviewer.c0",
        "epic_prefix_rows": [
          23,
          112
        ],
        "fingerprint": "b7b34609358edd44",
        "length": 256,
        "owner_tier": 2,
        "request": "engineer.c2",
        "segment_index": 14
      },
      {
        "cache_owner": "engineer.c1",
        "epic_prefix_rows": [],
        "fingerprint": "d30cea729563785e",
        "length": 256,
        "owner_tier": 3,
        "request": "engineer.c2",
        "segment_index": 15
      },
      {
        "cache_owner": "engineer.c1",
        "epic_prefix_rows": [],
        "fingerprint": "492829d0f2055bd1",
        "length": 256,
        "owner_tier": 3,
        "request": "engineer.c2",
        "segment_index": 16
      },
      {
        "cache_owner": "engineer.c1",
        "epic_prefix_rows": [],
        "fingerprint": "28740e0b0dbf32c1",
        "length": 256,
        "owner_tier": 3,
        "request": "engineer.c2",
        "segment_index": 17
      },
      {
        "cache_owner": "engineer.c1",
        "epic_prefix_rows": [],
        "fingerprint": "74a4cd82c12e15ed",
        "length": 256,
        "owner_tier": 3,
        "request": "engineer.c2",
        "segment_index": 18
      },
      {
        "cache_owner": "reviewer.c1",
        "epic_prefix_rows": [
          13,
          37
        ],
        "fingerprint": "c6af362aa955c4bf",
        "length": 256,
        "owner_tier": 4,
        "request": "engineer.c2",
        "segment_index": 19
      },
      {
        "cache_owner": "reviewer.c1",
        "epic_prefix_rows": [
          63,
          96
        ],
        "fingerprint": "9dff2136a1e7d7de",
        "length": 256,
        "owner_tier": 4,
        "request": "engineer.c2",
        "segment_index": 20
      },
      {
        "cache_owner": "reviewer.c1",
        "epic_prefix_rows": [
          61,
          200
        ],
        "fingerprint": "0f5b6ce2f0e50690",
        "length": 256,
        "owner_tier": 4,
        "request": "engineer.c2",
        "segment_index": 21
      },
      {
        "cache_owner": "reviewer.c1",
        "epic_prefix_rows": [
          46,
          189
        ],
        "fingerprint": "21c2efbb1dc41961",
        "length": 256,
        "owner_tier": 4,
        "request": "engineer.c2",
        "segment_index": 22
      },
      {
        "cache_owner": "engineer.c2",
        "epic_prefix_rows": [
          18,
          59
        ],
        "fingerprint": "9a05e6c11d0118a6",
        "length": 256,
        "owner_tier": 5,
        "request": "reviewer.c2",
        "segment_index": 0
      },
      {
        "cache_owner": "reviewer.c0",
        "epic_prefix_rows": [],
        "fingerprint": "4a94037da58fd01b",
        "length": 300,
        "owner_tier": 2,
        "request": "reviewer.c2",
        "segment_index": 1
      },
      {
        "cache_owner": "architect",
        "epic_prefix_rows": [
          11,
          99
        ],
        "fingerprint": "e30e7f3e32cc7675",
        "length": 256,
        "owner_tier": 0,
        "request": "reviewer.c2",
        "segment_index": 2
      },
      {
        "cache_owner": "architect",
        "epic_prefix_rows": [
          63,
          94
        ],
        "fingerprint": "46e1f25013f58b80",
        "length": 256,
        "owner_tier": 0,
        "request": "reviewer.c2",
        "segment_index": 3
      },
      {
        "cache_owner": "architect",
        "epic_prefix_rows": [
          107,
          245
        ],
        "fingerprint": "851f3d9074e0570a",
        "length": 256,
        "owner_tier": 0,
        "request": "reviewer.c2",
        "segment_index": 4
      },
      {
        "cache_owner": "architect",
        "epic_prefix_rows": [
          11,
          31
        ],
        "fingerprint": "d9429d02c5b014fc",
        "length": 256,
        "owner_tier": 0,
        "request": "reviewer.c2",
        "segment_index": 5
      },
      {
        "cache_owner": "architect",
        "epic_prefix_rows": [
          51,
          217
        ],
        "fingerprint": "598b613b506df977",
        "length": 256,
        "owner_tier": 0,
        "request": "reviewer.c2",
        "segment_index": 6
      },
      {
        "cache_owner": "engineer.c0",
        "epic_prefix_rows": [],
        "fingerprint": "a8281812b4377861",
        "length": 256,
        "owner_tier": 1,
        "request": "reviewer.c2",
        "segment_index": 7
      },
      {
        "cache_owner": "engineer.c0",
        "epic_prefix_rows": [],
        "fingerprint": "169f43e8691f7f9d",
        "length": 256,
        "owner_tier": 1,
        "request": "reviewer.c2",
        "segment_index": 8
      },
      {
        "cache_owner": "engineer.c0",
        "epic_prefix_rows": [],
        "fingerprint": "c7d4a3f9b85874a9",
        "length": 256,
        "owner_tier": 1,
        "request": "reviewer.c2",
        "segment_index": 9
      },
      {
        "cache_owner": "engineer.c0",
        "epic_prefix_rows": [],
        "fingerprint": "0b3ecb47572ca8fa",
        "length": 256,
        "owner_tier": 1,
        "request": "reviewer.c2",
        "segment_index": 10
      },
      {
        "cache_owner": "reviewer.c0",
        "epic_prefix_rows": [],
        "fingerprint": "a510d5918114be92",
        "length": 256,
        "owner_tier": 2,
        "request": "reviewer.c2",
        "segment_index": 11
      },
      {
        "cache_owner": "reviewer.c0",
        "epic_prefix_rows": [],
        "fingerprint": "1a224eb830f60173",
        "length": 256,
        "owner_tier": 2,
        "request": "reviewer.c2",
        "segment_index": 12
      },
      {
        "cache_owner": "reviewer.c0",
        "epic_prefix_rows": [],
        "fingerprint": "06cd9d70336c658f",
        "length": 256,
        "owner_tier": 2,
        "request": "reviewer.c2",
        "segment_index": 13
      },
      {
        "cache_owner": "reviewer.c0",
        "epic_prefix_rows": [],
        "fingerprint": "b7b34609358edd44",
        "length": 256,
        "owner_tier": 2,
        "request": "reviewer.c2",
        "segment_index": 14
      },
      {
        "cache_owner": "engineer.c1",
        "epic_prefix_rows": [
          35,
          133
        ],
        "fingerprint": "d30cea729563785e",
        "length": 256,
        "owner_tier": 3,
        "request": "reviewer.c2",
        "segment_index": 15
      },
      {
        "cache_owner": "engineer.c1",
        "epic_prefix_rows": [
          36,
          113
        ],
        "fingerprint": "492829d0f2055bd1",
        "length": 256,
        "owner_tier": 3,
        "request": "reviewer.c2",
        "segment_index": 16
      },
      {
        "cache_owner": "engineer.c1",
        "epic_prefix_rows": [
          154,
          179
        ],
        "fingerprint": "28740e0b0dbf32c1",
        "length": 256,
        "owner_tier": 3,
        "request": "reviewer.c2",
        "segment_index": 17
      },
      {
        "cache_owner": "engineer.c1",
        "epic_prefix_rows": [
          92,
          223
        ],
        "fingerprint": "74a4cd82c12e15ed",
        "length": 256,
        "owner_tier": 3,
        "request": "reviewer.c2",
        "segment_index": 18
      },
      {
        "cache_owner": "reviewer.c1",
        "epic_prefix_rows": [],
        "fingerprint": "c6af362aa955c4bf",
        "length": 256,
        "owner_tier": 4,
        "request": "reviewer.c2",
        "segment_index": 19
      },
      {
        "cache_owner": "reviewer.c1",
        "epic_prefix_rows": [],
        "fingerprint": "9dff2136a1e7d7de",
        "length": 256,
        "owner_tier": 4,
        "request": "reviewer.c2",
        "segment_index": 20
      },
      {
        "cache_owner": "reviewer.c1",
        "epic_prefix_rows": [],
        "fingerprint": "0f5b6ce2f0e50690",
        "length": 256,
        "owner_tier": 4,
        "request": "reviewer.c2",
        "segment_index": 21
      },
      {
        "cache_owner": "reviewer.c1",
        "epic_prefix_rows": [],
        "fingerprint": "21c2efbb1dc41961",
        "length": 256,
        "owner_tier": 4,
        "request": "reviewer.c2",
        "segment_index": 22
      },
      {
        "cache_owner": "engineer.c2",
        "epic_prefix_rows": [
          31,
          239
        ],
        "fingerprint": "4c05ab6f96b7cbbf",
        "length": 256,
        "owner_tier": 5,
        "request": "reviewer.c2",
        "segment_index": 23
      },
      {
        "cache_owner": "engineer.c2",
        "epic_prefix_rows": [
          20,
          51
        ],
        "fingerprint": "7aa9cec1f10ee53b",
        "length": 256,
        "owner_tier": 5,
        "request": "reviewer.c2",
        "segment_index": 24
      },
      {
        "cache_owner": "engineer.c2",
        "epic_prefix_rows": [
          102,
          200
        ],
        "fingerprint": "5446df842b64f9bd",
        "length": 256,
        "owner_tier": 5,
        "request": "reviewer.c2",
        "segment_index": 25
      },
      {
        "cache_owner": "engineer.c2",
        "epic_prefix_rows": [
          133,
          183
        ],
        "fingerprint": "1f7632b49810d492",
        "length": 256,
        "owner_tier": 5,
        "request": "reviewer.c2",
        "segment_index": 26
      },
      {
        "cache_owner": "reviewer.c2",
        "epic_prefix_rows": [
          43,
          120
        ],
        "fingerprint": "8828d9651694699d",
        "length": 128,
        "owner_tier": 6,
        "request": "engineer.c3",
        "segment_index": 0
      },
      {
        "cache_owner": "engineer.c0",
        "epic_prefix_rows": [
          29,
          104
        ],
        "fingerprint": "12254cf62447c5f8",
        "length": 300,
        "owner_tier": 1,
        "request": "engineer.c3",
        "segment_index": 1
      },
      {
        "cache_owner": "architect",
        "epic_prefix_rows": [
          81,
          82
        ],
        "fingerprint": "e30e7f3e32cc7675",
        "length": 256,
        "owner_tier": 0,
        "request": "engineer.c3",
        "segment_index": 2
      },
      {
        "cache_owner": "architect",
        "epic_prefix_rows": [
          128,
          175
        ],
        "fingerprint": "46e1f25013f58b80",
        "length": 256,
        "owner_tier": 0,
        "request": "engineer.c3",
        "segment_index": 3
      },
      {
        "cache_owner": "architect",
        "epic_prefix_rows": [
          60,
          226
        ],
        "fingerprint": "851f3d9074e0570a",
        "length": 256,
        "owner_tier": 0,
        "request": "engineer.c3",
        "segment_index": 4
      },
      {
        "cache_owner": "architect",
        "epic_prefix_rows": [
          6,
          89
        ],
        "fingerprint": "d9429d02c5b014fc",
        "length": 256,
        "owner_tier": 0,
        "request": "engineer.c3",
        "segment_index": 5
      },
      {
        "cache_owner": "architect",
        "epic_prefix_rows": [
          209,
          241
        ],
        "fingerprint": "598b613b506df977",
        "length": 256,
        "owner_tier": 0,
        "request": "engineer.c3",
        "segment_index": 6
      },
      {
        "cache_owner": "engineer.c0",
        "epic_prefix_rows": [
          159,
          182
        ],
        "fingerprint": "a8281812b4377861",
        "length": 256,
        "owner_tier": 1,
        "request": "engineer.c3",
        "segment_index": 7
      },
      {
        "cache_owner": "engineer.c0",
        "epic_prefix_rows": [
          128,
          198
        ],
        "fingerprint": "169f43e8691f7f9d",
        "length": 256,
        "owner_tier": 1,
        "request": "engineer.c3",
        "segment_index": 8
      },
      {
        "cache_owner": "engineer.c0",
        "epic_prefix_rows": [
          6,
          78
        ],
        "fingerprint": "c7d4a3f9b85874a9",
        "length": 256,
        "owner_tier": 1,
        "request": "engineer.c3",
        "segment_index": 9
      },
      {
        "cache_owner": "engineer.c0",
        "epic_prefix_rows": [
          40,
          234
        ],
        "fingerprint": "0b3ecb47572ca8fa",
        "length": 256,
        "owner_tier": 1,
        "request": "engineer.c3",
        "segment_index": 10
      },
      {
        "cache_owner": "reviewer.c0",
        "epic_prefix_rows": [
          23,
          171
        ],
        "fingerprint": "a510d5918114be92",
        "length": 256,
        "owner_tier": 2,
        "request": "engineer.c3",
        "segment_index": 11
      },
      {
        "cache_owner": "reviewer.c0",
        "epic_prefix_rows": [
          69,
          143
        ],
        "fingerprint": "1a224eb830f60173",
        "length": 256,
        "owner_tier": 2,
        "request": "engineer.c3",
        "segment_index": 12
      },
      {
        "cache_owner": "reviewer.c0",
        "epic_prefix_rows": [
          122,
          246
        ],
        "fingerprint": "06cd9d70336c658f",
        "length": 256,
        "owner_tier": 2,
        "request": "engineer.c3",
        "segment_index": 13
      },
      {
        "cache_owner": "reviewer.c0",
        "epic_prefix_rows": [
          147,
          180
        ],
        "fingerprint": "b7b34609358edd44",
        "length": 256,
        "owner_tier": 2,
        "request": "engineer.c3",
        "segment_index": 14
      },
      {
        "cache_owner": "engineer.c1",
        "epic_prefix_rows": [],
        "fingerprint": "d30cea729563785e",
        "length": 256,
        "owner_tier": 3,
        "request": "engineer.c3",
        "segment_index": 15
      },
      {
        "cache_owner": "engineer.c1",
        "epic_prefix_rows": [],
        "fingerprint": "492829d0f2055bd1",
        "length": 256,
        "owner_tier": 3,
        "request": "engineer.c3",
        "segment_index": 16
      },
      {
        "cache_owner": "engineer.c1",
        "epic_prefix_rows": [],
        "fingerprint": "28740e0b0dbf32c1",
        "length": 256,
        "owner_tier": 3,
        "request": "engineer.c3",
        "segment_index": 17
      },
      {
        "cache_owner": "engineer.c1",
        "epic_prefix_rows": [],
        "fingerprint": "74a4cd82c12e15ed",
        "length": 256,
        "owner_tier": 3,
        "request": "engineer.c3",
        "segment_index": 18
      },
      {
        "cache_owner": "reviewer.c1",
        "epic_prefix_rows": [
          67,
          183
        ],
        "fingerprint": "c6af362aa955c4bf",
        "length": 256,
        "owner_tier": 4,
        "request": "engineer.c3",
        "segment_index": 19
      },
      {
        "cache_owner": "reviewer.c1",
        "epic_prefix_rows": [
          158,
          198
        ],
        "fingerprint": "9dff2136a1e7d7de",
        "length": 256,
        "owner_tier": 4,
        "request": "engineer.c3",
        "segment_index": 20
      },
      {
        "cache_owner": "reviewer.c1",
        "epic_prefix_rows": [
          41,
          212
        ],
        "fingerprint": "0f5b6ce2f0e50690",
        "length": 256,
        "owner_tier": 4,
        "request": "engineer.c3",
        "segment_index": 21
      },
      {
        "cache_owner": "reviewer.c1",
        "epic_prefix_rows": [
          0,
          98
        ],
        "fingerprint": "21c2efbb1dc41961",
        "length": 256,
        "owner_tier": 4,
        "request": "engineer.c3",
        "segment_index": 22
      },
      {
        "cache_owner": "engineer.c2",
        "epic_prefix_rows": [],
        "fingerprint": "4c05ab6f96b7cbbf",
        "length": 256,
        "owner_tier": 5,
        "request": "engineer.c3",
        "segment_index": 23
      },
      {
        "cache_owner": "engineer.c2",
        "epic_prefix_rows": [],
        "fingerprint": "7aa9cec1f10ee53b",
        "length": 256,
        "owner_tier": 5,
        "request": "engineer.c3",
        "segment_index": 24
      },
      {
        "cache_owner": "engineer.c2",
        "epic_prefix_rows": [],
        "fingerprint": "5446df842b64f9bd",
        "length": 256,
        "owner_tier": 5,
        "request": "engineer.c3",
        "segment_index": 25
      },
      {
        "cache_owner": "engineer.c2",
        "epic_prefix_rows": [],
        "fingerprint": "1f7632b49810d492",
        "length": 256,
        "owner_tier": 5,
        "request": "engineer.c3",
        "segment_index": 26
      },
      {
        "cache_owner": "reviewer.c2",
        "epic_prefix_rows": [
          81,
          171
        ],
        "fingerprint": "d316109d6918891f",
        "length": 256,
        "owner_tier": 6,
        "request": "engineer.c3",
        "segment_index": 27
      },
      {
        "cache_owner": "reviewer.c2",
        "epic_prefix_rows": [
          114,
          122
        ],
        "fingerprint": "34201a3b78daf9d5",
        "length": 256,
        "owner_tier": 6,
        "request": "engineer.c3",
        "segment_index": 28
      },
      {
        "cache_owner": "reviewer.c2",
        "epic_prefix_rows": [
          193,
          229
        ],
        "fingerprint": "df2680b35bde67d5",
        "length": 256,
        "owner_tier": 6,
        "request": "engineer.c3",
        "segment_index": 29
      },
      {
        "cache_owner": "reviewer.c2",
        "epic_prefix_rows": [
          16,
          212
        ],
        "fingerprint": "9dea906074cac7ca",
        "length": 256,
        "owner_tier": 6,
        "request": "engineer.c3",
        "segment_index": 30
      },
      {
        "cache_owner": "reviewer.c2",
        "epic_prefix_rows": [
          205,
          214
        ],
        "fingerprint": "89b49369578d9e4a",
        "length": 256,
        "owner_tier": 6,
        "request": "engineer.c3",
        "segment_index": 31
      },
      {
        "cache_owner": "engineer.c3",
        "epic_prefix_rows": [
          23,
          84
        ],
        "fingerprint": "a98f456a162f4c00",
        "length": 256,
        "owner_tier": 7,
        "request": "reviewer.c3",
        "segment_index": 0
      },
      {
        "cache_owner": "reviewer.c0",
        "epic_prefix_rows": [],
        "fingerprint": "4a94037da58fd01b",
        "length": 300,
        "owner_tier": 2,
        "request": "reviewer.c3",
        "segment_index": 1
      },
      {
        "cache_owner": "architect",
        "epic_prefix_rows": [
          32,
          228
        ],
        "fingerprint": "e30e7f3e32cc7675",
        "length": 256,
        "owner_tier": 0,
        "request": "reviewer.c3",
        "segment_index": 2
      },
      {
        "cache_owner": "architect",
        "epic_prefix_rows": [
          80,
          132
        ],
        "fingerprint": "46e1f25013f58b80",
        "length": 256,
        "owner_tier": 0,
        "request": "reviewer.c3",
        "segment_index": 3
      },
      {
        "cache_owner": "architect",
        "epic_prefix_rows": [
          228,
          249
        ],
        "fingerprint": "851f3d9074e0570a",
        "length": 256,
        "owner_tier": 0,
        "request": "reviewer.c3",
        "segment_index": 4
      },
      {
        "cache_owner": "architect",
        "epic_prefix_rows": [
          0,
          19
        ],
        "fingerprint": "d9429d02c5b014fc",
        "length": 256,
        "owner_tier": 0,
        "request": "reviewer.c3",
        "segment_index": 5
      },
      {
        "cache_owner": "architect",
        "epic_prefix_rows": [
          166,
          253
        ],
        "fingerprint": "598b613b506df977",
        "length": 256,
        "owner_tier": 0,
        "request": "reviewer.c3",
        "segment_index": 6
      },
      {
        "cache_owner": "engineer.c0",
        "epic_prefix_rows": [],
        "fingerprint": "a8281812b4377861",
        "length": 256,
        "owner_tier": 1,
        "request": "reviewer.c3",
        "segment_index": 7
      },
      {
        "cache_owner": "engineer.c0",
        "epic_prefix_rows": [],
        "fingerprint": "169f43e8691f7f9d",
        "length": 256,
        "owner_tier": 1,
        "request": "reviewer.c3",
        "segment_index": 8
      },
      {
        "cache_owner": "engineer.c0",
        "epic_prefix_rows": [],
        "fingerprint": "c7d4a3f9b85874a9",
        "length": 256,
        "owner_tier": 1,
        "request": "reviewer.c3",
        "segment_index": 9
      },
      {
        "cache_owner": "engineer.c0",
        "epic_prefix_rows": [],
        "fingerprint": "0b3ecb47572ca8fa",
        "length": 256,
        "owner_tier": 1,
        "request": "reviewer.c3",
        "segment_index": 10
      },
      {
        "cache_owner": "reviewer.c0",
        "epic_prefix_rows": [],
        "fingerprint": "a510d5918114be92",
        "length": 256,
        "owner_tier": 2,
        "request": "reviewer.c3",
        "segment_index": 11
      },
      {
        "cache_owner": "reviewer.c0",
        "epic_prefix_rows": [],
        "fingerprint": "1a224eb830f60173",
        "length": 256,
        "owner_tier": 2,
        "request": "reviewer.c3",
        "segment_index": 12
      },
      {
        "cache_owner": "reviewer.c0",
        "epic_prefix_rows": [],
        "fingerprint": "06cd9d70336c658f",
        "length": 256,
        "owner_tier": 2,
        "request": "reviewer.c3",
        "segment_index": 13
      },
      {
        "cache_owner": "reviewer.c0",
        "epic_prefix_rows": [],
        "fingerprint": "b7b34609358edd44",
        "length": 256,
        "owner_tier": 2,
        "request": "reviewer.c3",
        "segment_index": 14
      },
      {
        "cache_owner": "engineer.c1",
        "epic_prefix_rows": [
          159,
          239
        ],
        "fingerprint": "d30cea729563785e",
        "length": 256,
        "owner_tier": 3,
        "request": "reviewer.c3",
        "segment_index": 15
      },
      {
        "cache_owner": "engineer.c1",
        "epic_prefix_rows": [
          25,
          212
        ],
        "fingerprint": "492829d0f2055bd1",
        "length": 256,
        "owner_tier": 3,
        "request": "reviewer.c3",
        "segment_index": 16
      },
      {
        "cache_owner": "engineer.c1",
        "epic_prefix_rows": [
          42,
          96
        ],
        "fingerprint": "28740e0b0dbf32c1",
        "length": 256,
        "owner_tier": 3,
        "request": "reviewer.c3",
        "segment_index": 17
      },
      {
        "cache_owner": "engineer.c1",
        "epic_prefix_rows": [
          7,
          66
        ],
        "fingerprint": "74a4cd82c12e15ed",
        "length": 256,
        "owner_tier": 3,
        "request": "reviewer.c3",
        "segment_index": 18
      },
      {
        "cache_owner": "reviewer.c1",
        "epic_prefix_rows": [],
        "fingerprint": "c6af362aa955c4bf",
        "length": 256,
        "owner_tier": 4,
        "request": "reviewer.c3",
        "segment_index": 19
      },
      {
        "cache_owner": "reviewer.c1",
        "epic_prefix_rows": [],
        "fingerprint": "9dff2136a1e7d7de",
        "length": 256,
        "owner_tier": 4,
        "request": "reviewer.c3",
        "segment_index": 20
      },
      {
        "cache_owner": "reviewer.c1",
        "epic_prefix_rows": [],
        "fingerprint": "0f5b6ce2f0e50690",
        "length": 256,
        "owner_tier": 4,
        "request": "reviewer.c3",
        "segment_index": 21
      },
      {
        "cache_owner": "reviewer.c1",
        "epic_prefix_rows": [],
        "fingerprint": "21c2efbb1dc41961",
        "length": 256,
        "owner_tier": 4,
        "request": "reviewer.c3",
        "segment_index": 22
      },
      {
        "cache_owner": "engineer.c2",
        "epic_prefix_rows": [
          205,
          213
        ],
        "fingerprint": "4c05ab6f96b7cbbf",
        "length": 256,
        "owner_tier": 5,
        "request": "reviewer.c3",
        "segment_index": 23
      },
      {
        "cache_owner": "engineer.c2",
        "epic_prefix_rows": [
          1,
          161
        ],
        "fingerprint": "7aa9cec1f10ee53b",
        "length": 256,
        "owner_tier": 5,
        "request": "reviewer.c3",
        "segment_index": 24
      },
      {
        "cache_owner": "engineer.c2",
        "epic_prefix_rows": [
          7,
          109
        ],
        "fingerprint": "5446df842b64f9bd",
        "length": 256,
        "owner_tier": 5,
        "request": "reviewer.c3",
        "segment_index": 25
      },
      {
        "cache_owner": "engineer.c2",
        "epic_prefix_rows": [
          1,
          50
        ],
        "fingerprint": "1f7632b49810d492",
        "length": 256,
        "owner_tier": 5,
        "request": "reviewer.c3",
        "segment_index": 26
      },
      {
        "cache_owner": "reviewer.c2",
        "epic_prefix_rows": [],
        "fingerprint": "d316109d6918891f",
        "length": 256,
        "owner_tier": 6,
        "request": "reviewer.c3",
        "segment_index": 27
      },
      {
        "cache_owner": "reviewer.c2",
        "epic_prefix_rows": [],
        "fingerprint": "34201a3b78daf9d5",
        "length": 256,
        "owner_tier": 6,
        "request": "reviewer.c3",
        "segment_index": 28
      },
      {
        "cache_owner": "reviewer.c2",
        "epic_prefix_rows": [],
        "fingerprint": "df2680b35bde67d5",
        "length": 256,
        "owner_tier": 6,
        "request": "reviewer.c3",
        "segment_index": 29
      },
      {
        "cache_owner": "reviewer.c2",
        "epic_prefix_rows": [],
        "fingerprint": "9dea906074cac7ca",
        "length": 256,
        "owner_tier": 6,
        "request": "reviewer.c3",
        "segment_index": 30
      },
      {
        "cache_owner": "reviewer.c2",
        "epic_prefix_rows": [],
        "fingerprint": "89b49369578d9e4a",
        "length": 256,
        "owner_tier": 6,
        "request": "reviewer.c3",
        "segment_index": 31
      },
      {
        "cache_owner": "engineer.c3",
        "epic_prefix_rows": [
          60,
          97
        ],
        "fingerprint": "df5a2402c872906f",
        "length": 256,
        "owner_tier": 7,
        "request": "reviewer.c3",
        "segment_index": 32
      },
      {
        "cache_owner": "engineer.c3",
        "epic_prefix_rows": [
          101,
          154
        ],
        "fingerprint": "cb27667059509bba",
        "length": 256,
        "owner_tier": 7,
        "request": "reviewer.c3",
        "segment_index": 33
      },
      {
        "cache_owner": "engineer.c3",
        "epic_prefix_rows": [
          93,
          143
        ],
        "fingerprint": "41089fab967878b7",
        "length": 256,
        "owner_tier": 7,
        "request": "reviewer.c3",
        "segment_index": 34
      },
      {
        "cache_owner": "engineer.c3",
        "epic_prefix_rows": [
          51,
          243
        ],
        "fingerprint": "ee22e256b36b9c62",
        "length": 256,
        "owner_tier": 7,
        "request": "reviewer.c3",
        "segment_index": 35
      },
      {
        "cache_owner": "reviewer.c3",
        "epic_prefix_rows": [
          20,
          101
        ],
        "fingerprint": "028e23b960f905de",
        "length": 128,
        "owner_tier": 8,
        "request": "engineer.c4",
        "segment_index": 0
      },
      {
        "cache_owner": "engineer.c0",
        "epic_prefix_rows": [
          11,
          140
        ],
        "fingerprint": "12254cf62447c5f8",
        "length": 300,
        "owner_tier": 1,
        "request": "engineer.c4",
        "segment_index": 1
      },
      {
        "cache_owner": "architect",
        "epic_prefix_rows": [
          59,
          231
        ],
        "fingerprint": "e30e7f3e32cc7675",
        "length": 256,
        "owner_tier": 0,
        "request": "engineer.c4",
        "segment_index": 2
      },
      {
        "cache_owner": "architect",
        "epic_prefix_rows": [
          68,
          131
        ],
        "fingerprint": "46e1f25013f58b80",
        "length": 256,
        "owner_tier": 0,
        "request": "engineer.c4",
        "segment_index": 3
      },
      {
        "cache_owner": "architect",
        "epic_prefix_rows": [
          58,
          177
        ],
        "fingerprint": "851f3d9074e0570a",
        "length": 256,
        "owner_tier": 0,
        "request": "engineer.c4",
        "segment_index": 4
      },
      {
        "cache_owner": "architect",
        "epic_prefix_rows": [
          79,
          142
        ],
        "fingerprint": "d9429d02c5b014fc",
        "length": 256,
        "owner_tier": 0,
        "request": "engineer.c4",
        "segment_index": 5
      },
      {
        "cache_owner": "architect",
        "epic_prefix_rows": [
          9,
          21
        ],
        "fingerprint": "598b613b506df977",
        "length": 256,
        "owner_tier": 0,
        "request": "engineer.c4",
        "segment_index": 6
      },
      {
        "cache_owner": "engineer.c0",
        "epic_prefix_rows": [
          20,
          105
        ],
        "fingerprint": "a8281812b4377861",
        "length": 256,
        "owner_tier": 1,
        "request": "engineer.c4",
        "segment_index": 7
      },
      {
        "cache_owner": "engineer.c0",
        "epic_prefix_rows": [
          132,
          161
        ],
        "fingerprint": "169f43e8691f7f9d",
        "length": 256,
        "owner_tier": 1,
        "request": "engineer.c4",
        "segment_index": 8
      },
      {
        "cache_owner": "engineer.c0",
        "epic_prefix_rows": [
          21,
          187
        ],
        "fingerprint": "c7d4a3f9b85874a9",
        "length": 256,
        "owner_tier": 1,
        "request": "engineer.c4",
        "segment_index": 9
      },
      {
        "cache_owner": "engineer.c0",
        "epic_prefix_rows": [
          234,
          253
        ],
        "fingerprint": "0b3ecb47572ca8fa",
        "length": 256,
        "owner_tier": 1,
        "request": "engineer.c4",
        "segment_index": 10
      },
      {
        "cache_owner": "reviewer.c0",
        "epic_prefix_rows": [
          190,
          222
        ],
        "fingerprint": "a510d5918114be92",
        "length": 256,
        "owner_tier": 2,
        "request": "engineer.c4",
        "segment_index": 11
      },
      {
        "cache_owner": "reviewer.c0",
        "epic_prefix_rows": [
          91,
          106
        ],
        "fingerprint": "1a224eb830f60173",
        "length": 256,
        "owner_tier": 2,
        "request": "engineer.c4",
        "segment_index": 12
      },
      {
        "cache_owner": "reviewer.c0",
        "epic_prefix_rows": [
          149,
          192
        ],
        "fingerprint": "06cd9d70336c658f",
        "length": 256,
        "owner_tier": 2,
        "request": "engineer.c4",
        "segment_index": 13
      },
      {
        "cache_owner": "reviewer.c0",
        "epic_prefix_rows": [
          4,
          70
        ],
        "fingerprint": "b7b34609358edd44",
        "length": 256,
        "owner_tier": 2,
        "request": "engineer.c4",
        "segment_index": 14
      },
      {
        "cache_owner": "engineer.c1",
        "epic_prefix_rows": [],
        "fingerprint": "d30cea729563785e",
        "length": 256,
        "owner_tier": 3,
        "request": "engineer.c4",
        "segment_index": 15
      },
      {
        "cache_owner": "engineer.c1",
        "epic_prefix_rows": [],
        "fingerprint": "492829d0f2055bd1",
        "length": 256,
        "owner_tier": 3,
        "request": "engineer.c4",
        "segment_index": 16
      },
      {
        "cache_owner": "engineer.c1",
        "epic_prefix_rows": [],
        "fingerprint": "28740e0b0dbf32c1",
        "length": 256,
        "owner_tier": 3,
        "request": "engineer.c4",
        "segment_index": 17
      },
      {
        "cache_owner": "engineer.c1",
        "epic_prefix_rows": [],
        "fingerprint": "74a4cd82c12e15ed",
        "length": 256,
        "owner_tier": 3,
        "request": "engineer.c4",
        "segment_index": 18
      },
      {
        "cache_owner": "reviewer.c1",
        "epic_prefix_rows": [
          77,
          138
        ],
        "fingerprint": "c6af362aa955c4bf",
        "length": 256,
        "owner_tier": 4,
        "request": "engineer.c4",
        "segment_index": 19
      },
      {
        "cache_owner": "reviewer.c1",
        "epic_prefix_rows": [
          170,
          172
        ],
        "fingerprint": "9dff2136a1e7d7de",
        "length": 256,
        "owner_tier": 4,
        "request": "engineer.c4",
        "segment_index": 20
      },
      {
        "cache_owner": "reviewer.c1",
        "epic_prefix_rows": [
          47,
          188
        ],
        "fingerprint": "0f5b6ce2f0e50690",
        "length": 256,
        "owner_tier": 4,
        "request": "engineer.c4",
        "segment_index": 21
      },
      {
        "cache_owner": "reviewer.c1",
        "epic_prefix_rows": [
          18,
          173
        ],
        "fingerprint": "21c2efbb1dc41961",
        "length": 256,
        "owner_tier": 4,
        "request": "engineer.c4",
        "segment_index": 22
      },
      {
        "cache_owner": "engineer.c2",
        "epic_prefix_rows": [],
        "fingerprint": "4c05ab6f96b7cbbf",
        "length": 256,
        "owner_tier": 5,
        "request": "engineer.c4",
        "segment_index": 23
      },
      {
        "cache_owner": "engineer.c2",
        "epic_prefix_rows": [],
        "fingerprint": "7aa9cec1f10ee53b",
        "length": 256,
        "owner_tier": 5,
        "request": "engineer.c4",
        "segment_index": 24
      },
      {
        "cache_owner": "engineer.c2",
        "epic_prefix_rows": [],
        "fingerprint": "5446df842b64f9bd",
        "length": 256,
        "owner_tier": 5,
        "request": "engineer.c4",
        "segment_index": 25
      },
      {
        "cache_owner": "engineer.c2",
        "epic_prefix_rows": [],
        "fingerprint": "1f7632b49810d492",
        "length": 256,
        "owner_tier": 5,
        "request": "engineer.c4",
        "segment_index": 26
      },
      {
        "cache_owner": "reviewer.c2",
        "epic_prefix_rows": [
          21,
          138
        ],
        "fingerprint": "d316109d6918891f",
        "length": 256,
        "owner_tier": 6,
        "request": "engineer.c4",
        "segment_index": 27
      },
      {
        "cache_owner": "reviewer.c2",
        "epic_prefix_rows": [
          76,
          83
        ],
        "fingerprint": "34201a3b78daf9d5",
        "length": 256,
        "owner_tier": 6,
        "request": "engineer.c4",
        "segment_index": 28
      },
      {
        "cache_owner": "reviewer.c2",
        "epic_prefix_rows": [
          148,
          184
        ],
        "fingerprint": "df2680b35bde67d5",
        "length": 256,
        "owner_tier": 6,
        "request": "engineer.c4",
        "segment_index": 29
      },
      {
        "cache_owner": "reviewer.c2",
        "epic_prefix_rows": [
          66,
          202
        ],
        "fingerprint": "9dea906074cac7ca",
        "length": 256,
        "owner_tier": 6,
        "request": "engineer.c4",
        "segment_index": 30
      },
      {
        "cache_owner": "reviewer.c2",
        "epic_prefix_rows": [
          58,
          150
        ],
        "fingerprint": "89b49369578d9e4a",
        "length": 256,
        "owner_tier": 6,
        "request": "engineer.c4",
        "segment_index": 31
      },
      {
        "cache_owner": "engineer.c3",
        "epic_prefix_rows": [],
        "fingerprint": "df5a2402c872906f",
        "length": 256,
        "owner_tier": 7,
        "request": "engineer.c4",
        "segment_index": 32
      },
      {
        "cache_owner": "engineer.c3",
        "epic_prefix_rows": [],
        "fingerprint": "cb27667059509bba",
        "length": 256,
        "owner_tier": 7,
        "request": "engineer.c4",
        "segment_index": 33
      },
      {
        "cache_owner": "engineer.c3",
        "epic_prefix_rows": [],
        "fingerprint": "41089fab967878b7",
        "length": 256,
        "owner_tier": 7,
        "request": "engineer.c4",
        "segment_index": 34
      },
      {
        "cache_owner": "engineer.c3",
        "epic_prefix_rows": [],
        "fingerprint": "ee22e256b36b9c62",
        "length": 256,
        "owner_tier": 7,
        "request": "engineer.c4",
        "segment_index": 35
      },
      {
        "cache_owner": "reviewer.c3",
        "epic_prefix_rows": [
          122,
          244
        ],
        "fingerprint": "355aca93a24b157a",
        "length": 256,
        "owner_tier": 8,
        "request": "engineer.c4",
        "segment_index": 36
      },
      {
        "cache_owner": "reviewer.c3",
        "epic_prefix_rows": [
          24,
          157
        ],
        "fingerprint": "ebbf04910c9bc27f",
        "length": 256,
        "owner_tier": 8,
        "request": "engineer.c4",
        "segment_index": 37
      },
      {
        "cache_owner": "reviewer.c3",
        "epic_prefix_rows": [
          36,
          91
        ],
        "fingerprint": "bb88c401e1d96560",
        "length": 256,
        "owner_tier": 8,
        "request": "engineer.c4",
        "segment_index": 38
      },
      {
        "cache_owner": "reviewer.c3",
        "epic_prefix_rows": [
          154,
          206
        ],
        "fingerprint": "4c5e4ac3bac7daa3",
        "length": 256,
        "owner_tier": 8,
        "request": "engineer.c4",
        "segment_index": 39
      },
      {
        "cache_owner": "engineer.c4",
        "epic_prefix_rows": [
          153,
          168
        ],
        "fingerprint": "03271d489906d737",
        "length": 256,
        "owner_tier": 9,
        "request": "reviewer.c4",
        "segment_index": 0
      },
      {
        "cache_owner": "reviewer.c0",
        "epic_prefix_rows": [],
        "fingerprint": "4a94037da58fd01b",
        "length": 300,
        "owner_tier": 2,
        "request": "reviewer.c4",
        "segment_index": 1
      },
      {
        "cache_owner": "architect",
        "epic_prefix_rows": [
          55,
          212
        ],
        "fingerprint": "e30e7f3e32cc7675",
        "length": 256,
        "owner_tier": 0,
        "request": "reviewer.c4",
        "segment_index": 2
      },
      {
        "cache_owner": "architect",
        "epic_prefix_rows": [
          50,
          246
        ],
        "fingerprint": "46e1f25013f58b80",
        "length": 256,
        "owner_tier": 0,
        "request": "reviewer.c4",
        "segment_index": 3
      },
      {
        "cache_owner": "architect",
        "epic_prefix_rows": [
          172,
          242
        ],
        "fingerprint": "851f3d9074e0570a",
        "length": 256,
        "owner_tier": 0,
        "request": "reviewer.c4",
        "segment_index": 4
      },
      {
        "cache_owner": "architect",
        "epic_prefix_rows": [
          63,
          175
        ],
        "fingerprint": "d9429d02c5b014fc",
        "length": 256,
        "owner_tier": 0,
        "request": "reviewer.c4",
        "segment_index": 5
      },
      {
        "cache_owner": "architect",
        "epic_prefix_rows": [
          59,
          245
        ],
        "fingerprint": "598b613b506df977",
        "length": 256,
        "owner_tier": 0,
        "request": "reviewer.c4",
        "segment_index": 6
      },
      {
        "cache_owner": "engineer.c0",
        "epic_prefix_rows": [],
        "fingerprint": "a8281812b4377861",
        "length": 256,
        "owner_tier": 1,
        "request": "reviewer.c4",
        "segment_index": 7
      },
      {
        "cache_owner": "engineer.c0",
        "epic_prefix_rows": [],
        "fingerprint": "169f43e8691f7f9d",
        "length": 256,
        "owner_tier": 1,
        "request": "reviewer.c4",
        "segment_index": 8
      },
      {
        "cache_owner": "engineer.c0",
        "epic_prefix_rows": [],
        "fingerprint": "c7d4a3f9b85874a9",
        "length": 256,
        "owner_tier": 1,
        "request": "reviewer.c4",
        "segment_index": 9
      },
      {
        "cache_owner": "engineer.c0",
        "epic_prefix_rows": [],
        "fingerprint": "0b3ecb47572ca8fa",
        "length": 256,
        "owner_tier": 1,
        "request": "reviewer.c4",
        "segment_index": 10
      },
      {
        "cache_owner": "reviewer.c0",
        "epic_prefix_rows": [],
        "fingerprint": "a510d5918114be92",
        "length": 256,
        "owner_tier": 2,
        "request": "reviewer.c4",
        "segment_index": 11
      },
      {
        "cache_owner": "reviewer.c0",
        "epic_prefix_rows": [],
        "fingerprint": "1a224eb830f60173",
        "length": 256,
        "owner_tier": 2,
        "request": "reviewer.c4",
        "segment_index": 12
      },
      {
        "cache_owner": "reviewer.c0",
        "epic_prefix_rows": [],
        "fingerprint": "06cd9d70336c658f",
        "length": 256,
        "owner_tier": 2,
        "request": "reviewer.c4",
        "segment_index": 13
      },
      {
        "cache_owner": "reviewer.c0",
        "epic_prefix_rows": [],
        "fingerprint": "b7b34609358edd44",
        "length": 256,
        "owner_tier": 2,
        "request": "reviewer.c4",
        "segment_index": 14
      },
      {
        "cache_owner": "engineer.c1",
        "epic_prefix_rows": [
          218,
          254
        ],
        "fingerprint": "d30cea729563785e",
        "length": 256,
        "owner_tier": 3,
        "request": "reviewer.c4",
        "segment_index": 15
      },
      {
        "cache_owner": "engineer.c1",
        "epic_prefix_rows": [
          19,
          154
        ],
        "fingerprint": "492829d0f2055bd1",
        "length": 256,
        "owner_tier": 3,
        "request": "reviewer.c4",
        "segment_index": 16
      },
      {
        "cache_owner": "engineer.c1",
        "epic_prefix_rows": [
          79,
          171
        ],
        "fingerprint": "28740e0b0dbf32c1",
        "length": 256,
        "owner_tier": 3,
        "request": "reviewer.c4",
        "segment_index": 17
      },
      {
        "cache_owner": "engineer.c1",
        "epic_prefix_rows": [
          85,
          192
        ],
        "fingerprint": "74a4cd82c12e15ed",
        "length": 256,
        "owner_tier": 3,
        "request": "reviewer.c4",
        "segment_index": 18
      },
      {
        "cache_owner": "reviewer.c1",
        "epic_prefix_rows": [],
        "fingerprint": "c6af362aa955c4bf",
        "length": 256,
        "owner_tier": 4,
        "request": "reviewer.c4",
        "segment_index": 19
      },
      {
        "cache_owner": "reviewer.c1",
        "epic_prefix_rows": [],
        "fingerprint": "9dff2136a1e7d7de",
        "length": 256,
        "owner_tier": 4,
        "request": "reviewer.c4",
        "segment_index": 20
      },
      {
        "cache_owner": "reviewer.c1",
        "epic_prefix_rows": [],
        "fingerprint": "0f5b6ce2f0e50690",
        "length": 256,
        "owner_tier": 4,
        "request": "reviewer.c4",
        "segment_index": 21
      },
      {
        "cache_owner": "reviewer.c1",
        "epic_prefix_rows": [],
        "fingerprint": "21c2efbb1dc41961",
        "length": 256,
        "owner_tier": 4,
        "request": "reviewer.c4",
        "segment_index": 22
      },
      {
        "cache_owner": "engineer.c2",
        "epic_prefix_rows": [
          33,
          44
        ],
        "fingerprint": "4c05ab6f96b7cbbf",
        "length": 256,
        "owner_tier": 5,
        "request": "reviewer.c4",
        "segment_index": 23
      },
      {
        "cache_owner": "engineer.c2",
        "epic_prefix_rows": [
          43,
          101
        ],
        "fingerprint": "7aa9cec1f10ee53b",
        "length": 256,
        "owner_tier": 5,
        "request": "reviewer.c4",
        "segment_index": 24
      },
      {
        "cache_owner": "engineer.c2",
        "epic_prefix_rows": [
          31,
          113
        ],
        "fingerprint": "5446df842b64f9bd",
        "length": 256,
        "owner_tier": 5,
        "request": "reviewer.c4",
        "segment_index": 25
      },
      {
        "cache_owner": "engineer.c2",
        "epic_prefix_rows": [
          4,
          197
        ],
        "fingerprint": "1f7632b49810d492",
        "length": 256,
        "owner_tier": 5,
        "request": "reviewer.c4",
        "segment_index": 26
      },
      {
        "cache_owner": "reviewer.c2",
        "epic_prefix_rows": [],
        "fingerprint": "d316109d6918891f",
        "length": 256,
        "owner_tier": 6,
        "request": "reviewer.c4",
        "segment_index": 27
      },
      {
        "cache_owner": "reviewer.c2",
        "epic_prefix_rows": [],
        "fingerprint": "34201a3b78daf9d5",
        "length": 256,
        "owner_tier": 6,
        "request": "reviewer.c4",
        "segment_index": 28
      },
      {
        "cache_owner": "reviewer.c2",
        "epic_prefix_rows": [],
        "fingerprint": "df2680b35bde67d5",
        "length": 256,
        "owner_tier": 6,
        "request": "reviewer.c4",
        "segment_index": 29
      },
      {
        "cache_owner": "reviewer.c2",
        "epic_prefix_rows": [],
        "fingerprint": "9dea906074cac7ca",
        "length": 256,
        "owner_tier": 6,
        "request": "reviewer.c4",
        "segment_index": 30
      },
      {
        "cache_owner": "reviewer.c2",
        "epic_prefix_rows": [],
        "fingerprint": "89b49369578d9e4a",
        "length": 256,
        "owner_tier": 6,
        "request": "reviewer.c4",
        "segment_index": 31
      },
      {
        "cache_owner": "engineer.c3",
        "epic_prefix_rows": [
          50,
          201
        ],
        "fingerprint": "df5a2402c872906f",
        "length": 256,
        "owner_tier": 7,
        "request": "reviewer.c4",
        "segment_index": 32
      },
      {
        "cache_owner": "engineer.c3",
        "epic_prefix_rows": [
          148,
          229
        ],
        "fingerprint": "cb27667059509bba",
        "length": 256,
        "owner_tier": 7,
        "request": "reviewer.c4",
        "segment_index": 33
      },
      {
        "cache_owner": "engineer.c3",
        "epic_prefix_rows": [
          111,
          250
        ],
        "fingerprint": "41089fab967878b7",
        "length": 256,
        "owner_tier": 7,
        "request": "reviewer.c4",
        "segment_index": 34
      },
      {
        "cache_owner": "engineer.c3",
        "epic_prefix_rows": [
          42,
          216
        ],
        "fingerprint": "ee22e256b36b9c62",
        "length": 256,
        "owner_tier": 7,
        "request": "reviewer.c4",
        "segment_index": 35
      },
      {
        "cache_owner": "reviewer.c3",
        "epic_prefix_rows": [],
        "fingerprint": "355aca93a24b157a",
        "length": 256,
        "owner_tier": 8,
        "request": "reviewer.c4",
        "segment_index": 36
      },
      {
        "cache_owner": "reviewer.c3",
        "epic_prefix_rows": [],
        "fingerprint": "ebbf04910c9bc27f",
        "length": 256,
        "owner_tier": 8,
        "request": "reviewer.c4",
        "segment_index": 37
      },
      {
        "cache_owner": "reviewer.c3",
        "epic_prefix_rows": [],
        "fingerprint": "bb88c401e1d96560",
        "length": 256,
        "owner_tier": 8,
        "request": "reviewer.c4",
        "segment_index": 38
      },
      {
        "cache_owner": "reviewer.c3",
        "epic_prefix_rows": [],
        "fingerprint": "4c5e4ac3bac7daa3",
        "length": 256,
        "owner_tier": 8,
        "request": "reviewer.c4",
        "segment_index": 39
      },
      {
        "cache_owner": "engineer.c4",
        "epic_prefix_rows": [
          112,
          188
        ],
        "fingerprint": "fccd5e0e838ac41d",
        "length": 256,
        "owner_tier": 9,
        "request": "reviewer.c4",
        "segment_index": 40
      },
      {
        "cache_owner": "engineer.c4",
        "epic_prefix_rows": [
          85,
          133
        ],
        "fingerprint": "a0e6ec326091b285",
        "length": 256,
        "owner_tier": 9,
        "request": "reviewer.c4",
        "segment_index": 41
      },
      {
        "cache_owner": "engineer.c4",
        "epic_prefix_rows": [
          98,
          220
        ],
        "fingerprint": "9e8483e1a66cdebe",
        "length": 256,
        "owner_tier": 9,
        "request": "reviewer.c4",
        "segment_index": 42
      },
      {
        "cache_owner": "engineer.c4",
        "epic_prefix_rows": [
          58,
          183
        ],
        "fingerprint": "e7d72688f3906fa9",
        "length": 256,
        "owner_tier": 9,
        "request": "reviewer.c4",
        "segment_index": 43
      },
      {
        "cache_owner": "reviewer.c4",
        "epic_prefix_rows": [
          7,
          16
        ],
        "fingerprint": "1fa018e09781869a",
        "length": 128,
        "owner_tier": 10,
        "request": "tester",
        "segment_index": 0
      },
      {
        "cache_owner": "architect",
        "epic_prefix_rows": [
          103,
          231
        ],
        "fingerprint": "e30e7f3e32cc7675",
        "length": 256,
        "owner_tier": 0,
        "request": "tester",
        "segment_index": 2
      },
      {
        "cache_owner": "architect",
        "epic_prefix_rows": [
          60,
          254
        ],
        "fingerprint": "46e1f25013f58b80",
        "length": 256,
        "owner_tier": 0,
        "request": "tester",
        "segment_index": 3
      },
      {
        "cache_owner": "architect",
        "epic_prefix_rows": [
          131,
          203
        ],
        "fingerprint": "851f3d9074e0570a",
        "length": 256,
        "owner_tier": 0,
        "request": "tester",
        "segment_index": 4
      },
      {
        "cache_owner": "architect",
        "epic_prefix_rows": [
          21,
          106
        ],
        "fingerprint": "d9429d02c5b014fc",
        "length": 256,
        "owner_tier": 0,
        "request": "tester",
        "segment_index": 5
      },
      {
        "cache_owner": "architect",
        "epic_prefix_rows": [
          74,
          110
        ],
        "fingerprint": "598b613b506df977",
        "length": 256,
        "owner_tier": 0,
        "request": "tester",
        "segment_index": 6
      },
      {
        "cache_owner": "engineer.c0",
        "epic_prefix_rows": [
          53,
          101
        ],
        "fingerprint": "a8281812b4377861",
        "length": 256,
        "owner_tier": 1,
        "request": "tester",
        "segment_index": 7
      },
      {
        "cache_owner": "engineer.c0",
        "epic_prefix_rows": [
          193,
          234
        ],
        "fingerprint": "169f43e8691f7f9d",
        "length": 256,
        "owner_tier": 1,
        "request": "tester",
        "segment_index": 8
      },
      {
        "cache_owner": "engineer.c0",
        "epic_prefix_rows": [
          77,
          185
        ],
        "fingerprint": "c7d4a3f9b85874a9",
        "length": 256,
        "owner_tier": 1,
        "request": "tester",
        "segment_index": 9
      },
      {
        "cache_owner": "engineer.c0",
        "epic_prefix_rows": [
          53,
          249
        ],
        "fingerprint": "0b3ecb47572ca8fa",
        "length": 256,
        "owner_tier": 1,
        "request": "tester",
        "segment_index": 10
      },
      {
        "cache_owner": "reviewer.c0",
        "epic_prefix_rows": [
          75,
          207
        ],
        "fingerprint": "a510d5918114be92",
        "length": 256,
        "owner_tier": 2,
        "request": "tester",
        "segment_index": 11
      },
      {
        "cache_owner": "reviewer.c0",
        "epic_prefix_rows": [
          216,
          253
        ],
        "fingerprint": "1a224eb830f60173",
        "length": 256,
        "owner_tier": 2,
        "request": "tester",
        "segment_index": 12
      },
      {
        "cache_owner": "reviewer.c0",
        "epic_prefix_rows": [
          165,
          255
        ],
        "fingerprint": "06cd9d70336c658f",
        "length": 256,
        "owner_tier": 2,
        "request": "tester",
        "segment_index": 13
      },
      {
        "cache_owner": "reviewer.c0",
        "epic_prefix_rows": [
          103,
          255
        ],
        "fingerprint": "b7b34609358edd44",
        "length": 256,
        "owner_tier": 2,
        "request": "tester",
        "segment_index": 14
      },
      {
        "cache_owner": "engineer.c1",
        "epic_prefix_rows": [],
        "fingerprint": "d30cea729563785e",
        "length": 256,
        "owner_tier": 3,
        "request": "tester",
        "segment_index": 15
      },
      {
        "cache_owner": "engineer.c1",
        "epic_prefix_rows": [],
        "fingerprint": "492829d0f2055bd1",
        "length": 256,
        "owner_tier": 3,
        "request": "tester",
        "segment_index": 16
      },
      {
        "cache_owner": "engineer.c1",
        "epic_prefix_rows": [],
        "fingerprint": "28740e0b0dbf32c1",
        "length": 256,
        "owner_tier": 3,
        "request": "tester",
        "segment_index": 17
      },
      {
        "cache_owner": "engineer.c1",
        "epic_prefix_rows": [],
        "fingerprint": "74a4cd82c12e15ed",
        "length": 256,
        "owner_tier": 3,
        "request": "tester",
        "segment_index": 18
      },
      {
        "cache_owner": "reviewer.c1",
        "epic_prefix_rows": [
          4,
          112
        ],
        "fingerprint": "c6af362aa955c4bf",
        "length": 256,
        "owner_tier": 4,
        "request": "tester",
        "segment_index": 19
      },
      {
        "cache_owner": "reviewer.c1",
        "epic_prefix_rows": [
          162,
          174
        ],
        "fingerprint": "9dff2136a1e7d7de",
        "length": 256,
        "owner_tier": 4,
        "request": "tester",
        "segment_index": 20
      },
      {
        "cache_owner": "reviewer.c1",
        "epic_prefix_rows": [
          18,
          164
        ],
        "fingerprint": "0f5b6ce2f0e50690",
        "length": 256,
        "owner_tier": 4,
        "request": "tester",
        "segment_index": 21
      },
      {
        "cache_owner": "reviewer.c1",
        "epic_prefix_rows": [
          75,
          131
        ],
        "fingerprint": "21c2efbb1dc41961",
        "length": 256,
        "owner_tier": 4,
        "request": "tester",
        "segment_index": 22
      },
      {
        "cache_owner": "engineer.c2",
        "epic_prefix_rows": [],
        "fingerprint": "4c05ab6f96b7cbbf",
        "length": 256,
        "owner_tier": 5,
        "request": "tester",
        "segment_index": 23
      },
      {
        "cache_owner": "engineer.c2",
        "epic_prefix_rows": [],
        "fingerprint": "7aa9cec1f10ee53b",
        "length": 256,
        "owner_tier": 5,
        "request": "tester",
        "segment_index": 24
      },
      {
        "cache_owner": "engineer.c2",
        "epic_prefix_rows": [],
        "fingerprint": "5446df842b64f9bd",
        "length": 256,
        "owner_tier": 5,
        "request": "tester",
        "segment_index": 25
      },
      {
        "cache_owner": "engineer.c2",
        "epic_prefix_rows": [],
        "fingerprint": "1f7632b49810d492",
        "length": 256,
        "owner_tier": 5,
        "request": "tester",
        "segment_index": 26
      },
      {
        "cache_owner": "reviewer.c2",
        "epic_prefix_rows": [
          79,
          194
        ],
        "fingerprint": "d316109d6918891f",
        "length": 256,
        "owner_tier": 6,
        "request": "tester",
        "segment_index": 27
      },
      {
        "cache_owner": "reviewer.c2",
        "epic_prefix_rows": [
          150,
          240
        ],
        "fingerprint": "34201a3b78daf9d5",
        "length": 256,
        "owner_tier": 6,
        "request": "tester",
        "segment_index": 28
      },
      {
        "cache_owner": "reviewer.c2",
        "epic_prefix_rows": [
          33,
          43
        ],
        "fingerprint": "df2680b35bde67d5",
        "length": 256,
        "owner_tier": 6,
        "request": "tester",
        "segment_index": 29
      },
      {
        "cache_owner": "reviewer.c2",
        "epic_prefix_rows": [
          20,
          33
        ],
        "fingerprint": "9dea906074cac7ca",
        "length": 256,
        "owner_tier": 6,
        "request": "tester",
        "segment_index": 30
      },
      {
        "cache_owner": "reviewer.c2",
        "epic_prefix_rows": [
          66,
          115
        ],
        "fingerprint": "89b49369578d9e4a",
        "length": 256,
        "owner_tier": 6,
        "request": "tester",
        "segment_index": 31
      },
      {
        "cache_owner": "engineer.c3",
        "epic_prefix_rows": [],
        "fingerprint": "df5a2402c872906f",
        "length": 256,
        "owner_tier": 7,
        "request": "tester",
        "segment_index": 32
      },
      {
        "cache_owner": "engineer.c3",
        "epic_prefix_rows": [],
        "fingerprint": "cb27667059509bba",
        "length": 256,
        "owner_tier": 7,
        "request": "tester",
        "segment_index": 33
      },
      {
        "cache_owner": "engineer.c3",
        "epic_prefix_rows": [],
        "fingerprint": "41089fab967878b7",
        "length": 256,
        "owner_tier": 7,
        "request": "tester",
        "segment_index": 34
      },
      {
        "cache_owner": "engineer.c3",
        "epic_prefix_rows": [],
        "fingerprint": "ee22e256b36b9c62",
        "length": 256,
        "owner_tier": 7,
        "request": "tester",
        "segment_index": 35
      },
      {
        "cache_owner": "reviewer.c3",
        "epic_prefix_rows": [
          20,
          153
        ],
        "fingerprint": "355aca93a24b157a",
        "length": 256,
        "owner_tier": 8,
        "request": "tester",
        "segment_index": 36
      },
      {
        "cache_owner": "reviewer.c3",
        "epic_prefix_rows": [
          7,
          229
        ],
        "fingerprint": "ebbf04910c9bc27f",
        "length": 256,
        "owner_tier": 8,
        "request": "tester",
        "segment_index": 37
      },
      {
        "cache_owner": "reviewer.c3",
        "epic_prefix_rows": [
          82,
          169
        ],
        "fingerprint": "bb88c401e1d96560",
        "length": 256,
        "owner_tier": 8,
        "request": "tester",
        "segment_index": 38
      },
      {
        "cache_owner": "reviewer.c3",
        "epic_prefix_rows": [
          76,
          235
        ],
        "fingerprint": "4c5e4ac3bac7daa3",
        "length": 256,
        "owner_tier": 8,
        "request": "tester",
        "segment_index": 39
      },
      {
        "cache_owner": "engineer.c4",
        "epic_prefix_rows": [],
        "fingerprint": "fccd5e0e838ac41d",
        "length": 256,
        "owner_tier": 9,
        "request": "tester",
        "segment_index": 40
      },
      {
        "cache_owner": "engineer.c4",
        "epic_prefix_rows": [],
        "fingerprint": "a0e6ec326091b285",
        "length": 256,
        "owner_tier": 9,
        "request": "tester",
        "segment_index": 41
      },
      {
        "cache_owner": "engineer.c4",
        "epic_prefix_rows": [],
        "fingerprint": "9e8483e1a66cdebe",
        "length": 256,
        "owner_tier": 9,
        "request": "tester",
        "segment_index": 42
      },
      {
        "cache_owner": "engineer.c4",
        "epic_prefix_rows": [],
        "fingerprint": "e7d72688f3906fa9",
        "length": 256,
        "owner_tier": 9,
        "request": "tester",
        "segment_index": 43
      },
      {
        "cache_owner": "reviewer.c4",
        "epic_prefix_rows": [
          190,
          195
        ],
        "fingerprint": "d85397da3ddf8763",
        "length": 256,
        "owner_tier": 10,
        "request": "tester",
        "segment_index": 44
      },
      {
        "cache_owner": "reviewer.c4",
        "epic_prefix_rows": [
          17,
          46
        ],
        "fingerprint": "fc029a6229f081b9",
        "length": 256,
        "owner_tier": 10,
        "request": "tester",
        "segment_index": 45
      },
      {
        "cache_owner": "reviewer.c4",
        "epic_prefix_rows": [
          39,
          218
        ],
        "fingerprint": "3f72c0b30cc712ca",
        "length": 256,
        "owner_tier": 10,
        "request": "tester",
        "segment_index": 46
      },
      {
        "cache_owner": "reviewer.c4",
        "epic_prefix_rows": [
          105,
          148
        ],
        "fingerprint": "6a6b8fc04c911d35",
        "length": 256,
        "owner_tier": 10,
        "request": "tester",
        "segment_index": 47
      }
    ],
    "reused_tokens": 76256
  },
  "tiers": {
    "0": [
      "architect"
    ],
    "1": [
      "engineer.c0"
    ],
    "10": [
      "reviewer.c4"
    ],
    "11": [
      "tester"
    ],
    "2": [
      "reviewer.c0"
    ],
    "3": [
      "engineer.c1"
    ],
    "4": [
      "reviewer.c1"
    ],
    "5": [
      "engineer.c2"
    ],
    "6": [
      "reviewer.c2"
    ],
    "7": [
      "engineer.c3"
    ],
    "8": [
      "reviewer.c3"
    ],
    "9": [
      "engineer.c4"
    ]
  },
  "total_history_tokens": 108656,
  "total_input_tokens": 90456,
  "total_output_tokens": 2304
}[warm] collected 139264 Acc ops -> 74080 unique shapes (single build 2555s); simulating with up to 8 workers
[warm] cache ready after 7768s total; repriced 5670205 events, finalizing once

dgx-attacc: (A100a x 8), PIM:bank, [Lin, Lout, batch]: [2048, 128, 1]
Wrote ablation report to /data2/chenyi9/KV-PIM/attacc_drampim_xinyao/output/20260828-130630_workload_pipeline_repair_c5k50_LLAMA3-8B_k2/dag_A3.json
REPORT_SUMMARY {"ablation": "A3", "decode_attn": "pim", "energy_nj": 2823634883816.7964, "engine": "dag", "event_count": 7439987, "kv_mapping": "naive", "link_bytes": 13847309138, "makespan_s": 20.20911125822533, "pim_prefill_mode": "gpu", "policy": "recompute"}
