[warm] collected 74112 Acc ops -> 74112 unique shapes (single build 2403s); simulating with up to 8 workers
[warm] cache ready after 4958s total; repriced 196608 events, finalizing once
{
  "kind": "supervisor",
  "requests": 12,
  "reuse": {
    "cacheblend_full_recompute_layers": [],
    "cacheblend_partial_recompute_layers": [],
    "cacheblend_partial_rows": {},
    "cacheblend_recompute_ratio": 0.0,
    "cachecraft_alpha": 0.05,
    "epic_prefix_recompute_tokens": 1,
    "fresh_tokens": 90456,
    "policy": "no-reuse",
    "random_seed": 0,
    "recompute_canonical": false,
    "reusable_segments": [],
    "reused_tokens": 0
  },
  "tiers": {
    "0": [
      "architect"
    ],
    "1": [
      "engineer.c0"
    ],
    "10": [
      "reviewer.c4"
    ],
    "11": [
      "tester"
    ],
    "2": [
      "reviewer.c0"
    ],
    "3": [
      "engineer.c1"
    ],
    "4": [
      "reviewer.c1"
    ],
    "5": [
      "engineer.c2"
    ],
    "6": [
      "reviewer.c2"
    ],
    "7": [
      "engineer.c3"
    ],
    "8": [
      "reviewer.c3"
    ],
    "9": [
      "engineer.c4"
    ]
  },
  "total_history_tokens": 108656,
  "total_input_tokens": 90456,
  "total_output_tokens": 2304
}
dgx-attacc: (A100a x 8), PIM:bank, [Lin, Lout, batch]: [2048, 128, 1]
Wrote ablation report to /data2/chenyi9/KV-PIM/attacc_drampim_xinyao/output/20260828-130630_workload_pipeline_repair_c5k50_LLAMA3-8B_k2/dag_A1.json
REPORT_SUMMARY {"ablation": "A1", "decode_attn": "pim", "energy_nj": 76088570492800.95, "engine": "dag", "event_count": 1824384, "kv_mapping": "private", "link_bytes": 12234915840, "makespan_s": 32.83053431965904, "pim_prefill_mode": "gpu", "policy": "no-reuse-physical"}
