{
  "minimal_heads16": {
    "A3b": [
      {
        "object": [
          0,
          "r0",
          "r0::output",
          "master",
          0
        ],
        "tokens": 4,
        "slot": 0,
        "head0_channel": 0,
        "start_bytes": 0,
        "end_bytes_exclusive": 16,
        "start_row": 0,
        "start_offset_in_row": 0,
        "start_offset_in_column": 0,
        "nominal_column_sites": [
          [
            0,
            0
          ]
        ]
      },
      {
        "object": [
          0,
          "r1",
          "burst",
          2
        ],
        "tokens": 8,
        "slot": 0,
        "head0_channel": 0,
        "start_bytes": 1024,
        "end_bytes_exclusive": 1056,
        "start_row": 1,
        "start_offset_in_row": 0,
        "start_offset_in_column": 0,
        "nominal_column_sites": [
          [
            1,
            0
          ]
        ]
      }
    ],
    "A4c": [
      {
        "object": [
          0,
          "r0",
          "r0::output",
          "master",
          0
        ],
        "tokens": 4,
        "slot": 0,
        "head0_channel": 0,
        "start_bytes": 0,
        "end_bytes_exclusive": 16,
        "start_row": 0,
        "start_offset_in_row": 0,
        "start_offset_in_column": 0,
        "nominal_column_sites": [
          [
            0,
            0
          ]
        ]
      },
      {
        "object": [
          0,
          "r1",
          "D",
          "diff",
          0
        ],
        "tokens": 8,
        "slot": null,
        "head0_channel": 0,
        "start_bytes": 4194304,
        "end_bytes_exclusive": 4194336,
        "start_row": 4096,
        "start_offset_in_row": 0,
        "start_offset_in_column": 0,
        "nominal_column_sites": [
          [
            4096,
            0
          ]
        ]
      }
    ]
  },
  "counterfactual": {
    "output": {
      "start_bytes": 0,
      "end_bytes_exclusive": 16,
      "start_row": 0,
      "start_offset_in_row": 0,
      "start_offset_in_column": 0,
      "nominal_column_sites": [
        [
          0,
          0
        ]
      ]
    },
    "diff": {
      "start_bytes": 16,
      "end_bytes_exclusive": 48,
      "start_row": 0,
      "start_offset_in_row": 16,
      "start_offset_in_column": 16,
      "nominal_column_sites": [
        [
          0,
          0
        ],
        [
          0,
          1
        ]
      ]
    }
  },
  "real_A3b_heads16": [
    {
      "object": [
        0,
        "a0_owner",
        "9ffeda3a9fbb5769",
        "master",
        0
      ],
      "tokens": 256,
      "slot": 0,
      "head0_channel": 0,
      "start_bytes": 0,
      "end_bytes_exclusive": 1024,
      "start_row": 0,
      "start_offset_in_row": 0,
      "start_offset_in_column": 0,
      "nominal_column_sites": [
        [
          0,
          0
        ],
        [
          0,
          1
        ],
        [
          0,
          2
        ],
        [
          0,
          3
        ],
        [
          0,
          4
        ],
        [
          0,
          5
        ],
        [
          0,
          6
        ],
        [
          0,
          7
        ],
        [
          0,
          8
        ],
        [
          0,
          9
        ],
        [
          0,
          10
        ],
        [
          0,
          11
        ],
        [
          0,
          12
        ],
        [
          0,
          13
        ],
        [
          0,
          14
        ],
        [
          0,
          15
        ],
        [
          0,
          16
        ],
        [
          0,
          17
        ],
        [
          0,
          18
        ],
        [
          0,
          19
        ],
        [
          0,
          20
        ],
        [
          0,
          21
        ],
        [
          0,
          22
        ],
        [
          0,
          23
        ],
        [
          0,
          24
        ],
        [
          0,
          25
        ],
        [
          0,
          26
        ],
        [
          0,
          27
        ],
        [
          0,
          28
        ],
        [
          0,
          29
        ],
        [
          0,
          30
        ],
        [
          0,
          31
        ]
      ]
    },
    {
      "object": [
        0,
        "a0_owner",
        "a5196a8c72f02c87",
        "master",
        0
      ],
      "tokens": 256,
      "slot": 0,
      "head0_channel": 0,
      "start_bytes": 1024,
      "end_bytes_exclusive": 2048,
      "start_row": 1,
      "start_offset_in_row": 0,
      "start_offset_in_column": 0,
      "nominal_column_sites": [
        [
          1,
          0
        ],
        [
          1,
          1
        ],
        [
          1,
          2
        ],
        [
          1,
          3
        ],
        [
          1,
          4
        ],
        [
          1,
          5
        ],
        [
          1,
          6
        ],
        [
          1,
          7
        ],
        [
          1,
          8
        ],
        [
          1,
          9
        ],
        [
          1,
          10
        ],
        [
          1,
          11
        ],
        [
          1,
          12
        ],
        [
          1,
          13
        ],
        [
          1,
          14
        ],
        [
          1,
          15
        ],
        [
          1,
          16
        ],
        [
          1,
          17
        ],
        [
          1,
          18
        ],
        [
          1,
          19
        ],
        [
          1,
          20
        ],
        [
          1,
          21
        ],
        [
          1,
          22
        ],
        [
          1,
          23
        ],
        [
          1,
          24
        ],
        [
          1,
          25
        ],
        [
          1,
          26
        ],
        [
          1,
          27
        ],
        [
          1,
          28
        ],
        [
          1,
          29
        ],
        [
          1,
          30
        ],
        [
          1,
          31
        ]
      ]
    },
    {
      "object": [
        0,
        "a0_owner",
        "106cceb689606285",
        "master",
        0
      ],
      "tokens": 256,
      "slot": 0,
      "head0_channel": 0,
      "start_bytes": 2048,
      "end_bytes_exclusive": 3072,
      "start_row": 2,
      "start_offset_in_row": 0,
      "start_offset_in_column": 0,
      "nominal_column_sites": [
        [
          2,
          0
        ],
        [
          2,
          1
        ],
        [
          2,
          2
        ],
        [
          2,
          3
        ],
        [
          2,
          4
        ],
        [
          2,
          5
        ],
        [
          2,
          6
        ],
        [
          2,
          7
        ],
        [
          2,
          8
        ],
        [
          2,
          9
        ],
        [
          2,
          10
        ],
        [
          2,
          11
        ],
        [
          2,
          12
        ],
        [
          2,
          13
        ],
        [
          2,
          14
        ],
        [
          2,
          15
        ],
        [
          2,
          16
        ],
        [
          2,
          17
        ],
        [
          2,
          18
        ],
        [
          2,
          19
        ],
        [
          2,
          20
        ],
        [
          2,
          21
        ],
        [
          2,
          22
        ],
        [
          2,
          23
        ],
        [
          2,
          24
        ],
        [
          2,
          25
        ],
        [
          2,
          26
        ],
        [
          2,
          27
        ],
        [
          2,
          28
        ],
        [
          2,
          29
        ],
        [
          2,
          30
        ],
        [
          2,
          31
        ]
      ]
    },
    {
      "object": [
        0,
        "a0_owner",
        "4f792a9324d06cdc",
        "master",
        0
      ],
      "tokens": 256,
      "slot": 0,
      "head0_channel": 0,
      "start_bytes": 3072,
      "end_bytes_exclusive": 4096,
      "start_row": 3,
      "start_offset_in_row": 0,
      "start_offset_in_column": 0,
      "nominal_column_sites": [
        [
          3,
          0
        ],
        [
          3,
          1
        ],
        [
          3,
          2
        ],
        [
          3,
          3
        ],
        [
          3,
          4
        ],
        [
          3,
          5
        ],
        [
          3,
          6
        ],
        [
          3,
          7
        ],
        [
          3,
          8
        ],
        [
          3,
          9
        ],
        [
          3,
          10
        ],
        [
          3,
          11
        ],
        [
          3,
          12
        ],
        [
          3,
          13
        ],
        [
          3,
          14
        ],
        [
          3,
          15
        ],
        [
          3,
          16
        ],
        [
          3,
          17
        ],
        [
          3,
          18
        ],
        [
          3,
          19
        ],
        [
          3,
          20
        ],
        [
          3,
          21
        ],
        [
          3,
          22
        ],
        [
          3,
          23
        ],
        [
          3,
          24
        ],
        [
          3,
          25
        ],
        [
          3,
          26
        ],
        [
          3,
          27
        ],
        [
          3,
          28
        ],
        [
          3,
          29
        ],
        [
          3,
          30
        ],
        [
          3,
          31
        ]
      ]
    },
    {
      "object": [
        0,
        "w00_t00",
        "260e487ddb1a11d7",
        "master",
        0
      ],
      "tokens": 256,
      "slot": 0,
      "head0_channel": 0,
      "start_bytes": 4096,
      "end_bytes_exclusive": 5120,
      "start_row": 4,
      "start_offset_in_row": 0,
      "start_offset_in_column": 0,
      "nominal_column_sites": [
        [
          4,
          0
        ],
        [
          4,
          1
        ],
        [
          4,
          2
        ],
        [
          4,
          3
        ],
        [
          4,
          4
        ],
        [
          4,
          5
        ],
        [
          4,
          6
        ],
        [
          4,
          7
        ],
        [
          4,
          8
        ],
        [
          4,
          9
        ],
        [
          4,
          10
        ],
        [
          4,
          11
        ],
        [
          4,
          12
        ],
        [
          4,
          13
        ],
        [
          4,
          14
        ],
        [
          4,
          15
        ],
        [
          4,
          16
        ],
        [
          4,
          17
        ],
        [
          4,
          18
        ],
        [
          4,
          19
        ],
        [
          4,
          20
        ],
        [
          4,
          21
        ],
        [
          4,
          22
        ],
        [
          4,
          23
        ],
        [
          4,
          24
        ],
        [
          4,
          25
        ],
        [
          4,
          26
        ],
        [
          4,
          27
        ],
        [
          4,
          28
        ],
        [
          4,
          29
        ],
        [
          4,
          30
        ],
        [
          4,
          31
        ]
      ]
    },
    {
      "object": [
        0,
        "w00_t00",
        "d4ea9d70344e3265",
        "master",
        0
      ],
      "tokens": 4,
      "slot": 0,
      "head0_channel": 0,
      "start_bytes": 5120,
      "end_bytes_exclusive": 5136,
      "start_row": 5,
      "start_offset_in_row": 0,
      "start_offset_in_column": 0,
      "nominal_column_sites": [
        [
          5,
          0
        ]
      ]
    },
    {
      "object": [
        0,
        "w00_t00",
        "9fff7867dbd2856f",
        "master",
        0
      ],
      "tokens": 4,
      "slot": 0,
      "head0_channel": 0,
      "start_bytes": 6144,
      "end_bytes_exclusive": 6160,
      "start_row": 6,
      "start_offset_in_row": 0,
      "start_offset_in_column": 0,
      "nominal_column_sites": [
        [
          6,
          0
        ]
      ]
    },
    {
      "object": [
        0,
        "w00_t01",
        "burst",
        8
      ],
      "tokens": 8,
      "slot": 0,
      "head0_channel": 0,
      "start_bytes": 7168,
      "end_bytes_exclusive": 7200,
      "start_row": 7,
      "start_offset_in_row": 0,
      "start_offset_in_column": 0,
      "nominal_column_sites": [
        [
          7,
          0
        ]
      ]
    },
    {
      "object": [
        0,
        "w00_t01",
        "c41d63690bec5073",
        "master",
        0
      ],
      "tokens": 4,
      "slot": 0,
      "head0_channel": 0,
      "start_bytes": 8192,
      "end_bytes_exclusive": 8208,
      "start_row": 8,
      "start_offset_in_row": 0,
      "start_offset_in_column": 0,
      "nominal_column_sites": [
        [
          8,
          0
        ]
      ]
    },
    {
      "object": [
        0,
        "a0_owner",
        "a0_owner::output",
        "master",
        0
      ],
      "tokens": 4,
      "slot": 0,
      "head0_channel": 0,
      "start_bytes": 9216,
      "end_bytes_exclusive": 9232,
      "start_row": 9,
      "start_offset_in_row": 0,
      "start_offset_in_column": 0,
      "nominal_column_sites": [
        [
          9,
          0
        ]
      ]
    },
    {
      "object": [
        0,
        "w00_t01",
        "w00_t01::output",
        "master",
        0
      ],
      "tokens": 4,
      "slot": 0,
      "head0_channel": 0,
      "start_bytes": 10240,
      "end_bytes_exclusive": 10256,
      "start_row": 10,
      "start_offset_in_row": 0,
      "start_offset_in_column": 0,
      "nominal_column_sites": [
        [
          10,
          0
        ]
      ]
    }
  ]
}
