PIM_WR_GB 0x00000000
PIM_WR_GB 0x00000001
PIM_WR_GB 0x01000000
PIM_WR_GB 0x01000001
PIM_WR_GB 0x02000000
PIM_WR_GB 0x02000001
PIM_WR_GB 0x03000000
PIM_WR_GB 0x03000001
PIM_BARRIER 0x00000000
PIM_MAC_AB 0x00000000
PIM_MAC_AB 0x00000020
PIM_MAC_AB 0x00000040
PIM_MAC_AB 0x00000060
PIM_BARRIER 0x00000000
PIM_MV_SB 0x00000000
PIM_MV_SB 0x10000000
PIM_MV_SB 0x04000000
PIM_MV_SB 0x14000000
PIM_MV_SB 0x08000000
PIM_MV_SB 0x18000000
PIM_MV_SB 0x0c000000
PIM_MV_SB 0x1c000000
PIM_SFM 0x00000000
PIM_MV_GB 0x00800000
PIM_MV_GB 0x04800000
PIM_MV_GB 0x08800000
PIM_MV_GB 0x0c800000
PIM_MV_GB 0x10800000
PIM_MV_GB 0x14800000
PIM_MV_GB 0x18800000
PIM_MV_GB 0x1c800000
PIM_BARRIER 0x00000000
PIM_MAC_AB 0x00800000
PIM_MAC_AB 0x00800020
PIM_BARRIER 0x00000000
PIM_MAC_AB 0x00800040
PIM_MAC_AB 0x00800060
PIM_MV_SB 0x00800000
PIM_MV_SB 0x10800000
PIM_MV_SB 0x01800000
PIM_MV_SB 0x11800000
PIM_MV_SB 0x02800000
PIM_MV_SB 0x12800000
PIM_MV_SB 0x03800000
PIM_MV_SB 0x13800000
PIM_BARRIER 0x00000000
PIM_MV_SB 0x00800000
PIM_MV_SB 0x10800000
PIM_MV_SB 0x01800000
PIM_MV_SB 0x11800000
PIM_MV_SB 0x02800000
PIM_MV_SB 0x12800000
PIM_MV_SB 0x03800000
PIM_MV_SB 0x13800000
