PIM_WR_GB 0x00400000
PIM_WR_GB 0x00400001
PIM_WR_GB 0x01400000
PIM_WR_GB 0x01400001
PIM_WR_GB 0x02400000
PIM_WR_GB 0x02400001
PIM_WR_GB 0x03400000
PIM_WR_GB 0x03400001
PIM_BARRIER 0x00000000
PIM_MAC_AB 0x00400000
PIM_MAC_AB 0x00400020
PIM_MAC_AB 0x0040000c
PIM_MAC_AB 0x0040002c
PIM_BARRIER 0x00000000
PIM_MV_SB 0x0040000c
PIM_MV_SB 0x1040000c
PIM_MV_SB 0x0440000c
PIM_MV_SB 0x1440000c
PIM_MV_SB 0x0840000c
PIM_MV_SB 0x1840000c
PIM_MV_SB 0x0c40000c
PIM_MV_SB 0x1c40000c
PIM_SFM 0x00000000
PIM_MV_GB 0x00c00000
PIM_MV_GB 0x04c00000
PIM_MV_GB 0x08c00000
PIM_MV_GB 0x0cc00000
PIM_MV_GB 0x10c00000
PIM_MV_GB 0x14c00000
PIM_MV_GB 0x18c00000
PIM_MV_GB 0x1cc00000
PIM_BARRIER 0x00000000
PIM_MAC_AB 0x00c00000
PIM_MAC_AB 0x00c0000c
PIM_BARRIER 0x00000000
PIM_MAC_AB 0x00c00020
PIM_MAC_AB 0x00c0002c
PIM_MV_SB 0x00c00000
PIM_MV_SB 0x10c00000
PIM_MV_SB 0x01c00000
PIM_MV_SB 0x11c00000
PIM_MV_SB 0x02c00000
PIM_MV_SB 0x12c00000
PIM_MV_SB 0x03c00000
PIM_MV_SB 0x13c00000
PIM_BARRIER 0x00000000
PIM_MV_SB 0x00c00000
PIM_MV_SB 0x10c00000
PIM_MV_SB 0x01c00000
PIM_MV_SB 0x11c00000
PIM_MV_SB 0x02c00000
PIM_MV_SB 0x12c00000
PIM_MV_SB 0x03c00000
PIM_MV_SB 0x13c00000
