PIM_WR_GB 0x004003f8
PIM_WR_GB 0x004003f8
PIM_WR_GB 0x004003f8
PIM_WR_GB 0x004003f8
PIM_WR_GB 0x004003f8
PIM_WR_GB 0x004003f8
PIM_WR_GB 0x004003f8
PIM_WR_GB 0x004003f8
PIM_WR_GB 0x004003f9
PIM_WR_GB 0x004003f9
PIM_WR_GB 0x004003f9
PIM_WR_GB 0x004003f9
PIM_WR_GB 0x004003f9
PIM_WR_GB 0x004003f9
PIM_WR_GB 0x004003f9
PIM_WR_GB 0x004003f9
PIM_WR_GB 0x014003f8
PIM_WR_GB 0x014003f8
PIM_WR_GB 0x014003f8
PIM_WR_GB 0x014003f8
PIM_WR_GB 0x014003f8
PIM_WR_GB 0x014003f8
PIM_WR_GB 0x014003f8
PIM_WR_GB 0x014003f8
PIM_WR_GB 0x014003f9
PIM_WR_GB 0x014003f9
PIM_WR_GB 0x014003f9
PIM_WR_GB 0x014003f9
PIM_WR_GB 0x014003f9
PIM_WR_GB 0x014003f9
PIM_WR_GB 0x014003f9
PIM_WR_GB 0x014003f9
PIM_WR_GB 0x024003f8
PIM_WR_GB 0x024003f8
PIM_WR_GB 0x024003f8
PIM_WR_GB 0x024003f8
PIM_WR_GB 0x024003f8
PIM_WR_GB 0x024003f8
PIM_WR_GB 0x024003f8
PIM_WR_GB 0x024003f8
PIM_WR_GB 0x024003f9
PIM_WR_GB 0x024003f9
PIM_WR_GB 0x024003f9
PIM_WR_GB 0x024003f9
PIM_WR_GB 0x024003f9
PIM_WR_GB 0x024003f9
PIM_WR_GB 0x024003f9
PIM_WR_GB 0x024003f9
PIM_WR_GB 0x034003f8
PIM_WR_GB 0x034003f8
PIM_WR_GB 0x034003f8
PIM_WR_GB 0x034003f8
PIM_WR_GB 0x034003f8
PIM_WR_GB 0x034003f8
PIM_WR_GB 0x034003f8
PIM_WR_GB 0x034003f8
PIM_WR_GB 0x034003f9
PIM_WR_GB 0x034003f9
PIM_WR_GB 0x034003f9
PIM_WR_GB 0x034003f9
PIM_WR_GB 0x034003f9
PIM_WR_GB 0x034003f9
PIM_WR_GB 0x034003f9
PIM_WR_GB 0x034003f9
PIM_BARRIER 0x00000000
PIM_MAC_AB 0x004003f8
PIM_MAC_AB 0x004003f8
PIM_MAC_AB 0x004003f8
PIM_MAC_AB 0x004003f8
PIM_MAC_AB 0x004003f8
PIM_MAC_AB 0x004003f8
PIM_MAC_AB 0x004003f8
PIM_MAC_AB 0x004003f8
PIM_MAC_AB 0x00400418
PIM_MAC_AB 0x00400418
PIM_MAC_AB 0x00400418
PIM_MAC_AB 0x00400418
PIM_MAC_AB 0x00400418
PIM_MAC_AB 0x00400418
PIM_MAC_AB 0x00400418
PIM_MAC_AB 0x00400418
PIM_BARRIER 0x00000000
PIM_MV_SB 0x004003f8
PIM_MV_SB 0x004003f8
PIM_MV_SB 0x004003f8
PIM_MV_SB 0x004003f8
PIM_MV_SB 0x004003f8
PIM_MV_SB 0x004003f8
PIM_MV_SB 0x004003f8
PIM_MV_SB 0x004003f8
PIM_MV_SB 0x104003f8
PIM_MV_SB 0x104003f8
PIM_MV_SB 0x104003f8
PIM_MV_SB 0x104003f8
PIM_MV_SB 0x104003f8
PIM_MV_SB 0x104003f8
PIM_MV_SB 0x104003f8
PIM_MV_SB 0x104003f8
PIM_MV_SB 0x044003f8
PIM_MV_SB 0x044003f8
PIM_MV_SB 0x044003f8
PIM_MV_SB 0x044003f8
PIM_MV_SB 0x044003f8
PIM_MV_SB 0x044003f8
PIM_MV_SB 0x044003f8
PIM_MV_SB 0x044003f8
PIM_MV_SB 0x144003f8
PIM_MV_SB 0x144003f8
PIM_MV_SB 0x144003f8
PIM_MV_SB 0x144003f8
PIM_MV_SB 0x144003f8
PIM_MV_SB 0x144003f8
PIM_MV_SB 0x144003f8
PIM_MV_SB 0x144003f8
PIM_MV_SB 0x084003f8
PIM_MV_SB 0x084003f8
PIM_MV_SB 0x084003f8
PIM_MV_SB 0x084003f8
PIM_MV_SB 0x084003f8
PIM_MV_SB 0x084003f8
PIM_MV_SB 0x084003f8
PIM_MV_SB 0x084003f8
PIM_MV_SB 0x184003f8
PIM_MV_SB 0x184003f8
PIM_MV_SB 0x184003f8
PIM_MV_SB 0x184003f8
PIM_MV_SB 0x184003f8
PIM_MV_SB 0x184003f8
PIM_MV_SB 0x184003f8
PIM_MV_SB 0x184003f8
PIM_MV_SB 0x0c4003f8
PIM_MV_SB 0x0c4003f8
PIM_MV_SB 0x0c4003f8
PIM_MV_SB 0x0c4003f8
PIM_MV_SB 0x0c4003f8
PIM_MV_SB 0x0c4003f8
PIM_MV_SB 0x0c4003f8
PIM_MV_SB 0x0c4003f8
PIM_MV_SB 0x1c4003f8
PIM_MV_SB 0x1c4003f8
PIM_MV_SB 0x1c4003f8
PIM_MV_SB 0x1c4003f8
PIM_MV_SB 0x1c4003f8
PIM_MV_SB 0x1c4003f8
PIM_MV_SB 0x1c4003f8
PIM_MV_SB 0x1c4003f8
PIM_SFM 0x00000000
PIM_SFM 0x00000000
PIM_SFM 0x00000000
PIM_SFM 0x00000000
PIM_SFM 0x00000000
PIM_SFM 0x00000000
PIM_SFM 0x00000000
PIM_SFM 0x00000000
PIM_MV_GB 0x00c003f8
PIM_MV_GB 0x00c003f8
PIM_MV_GB 0x00c003f8
PIM_MV_GB 0x00c003f8
PIM_MV_GB 0x00c003f8
PIM_MV_GB 0x00c003f8
PIM_MV_GB 0x00c003f8
PIM_MV_GB 0x00c003f8
PIM_MV_GB 0x04c003f8
PIM_MV_GB 0x04c003f8
PIM_MV_GB 0x04c003f8
PIM_MV_GB 0x04c003f8
PIM_MV_GB 0x04c003f8
PIM_MV_GB 0x04c003f8
PIM_MV_GB 0x04c003f8
PIM_MV_GB 0x04c003f8
PIM_MV_GB 0x08c003f8
PIM_MV_GB 0x08c003f8
PIM_MV_GB 0x08c003f8
PIM_MV_GB 0x08c003f8
PIM_MV_GB 0x08c003f8
PIM_MV_GB 0x08c003f8
PIM_MV_GB 0x08c003f8
PIM_MV_GB 0x08c003f8
PIM_MV_GB 0x0cc003f8
PIM_MV_GB 0x0cc003f8
PIM_MV_GB 0x0cc003f8
PIM_MV_GB 0x0cc003f8
PIM_MV_GB 0x0cc003f8
PIM_MV_GB 0x0cc003f8
PIM_MV_GB 0x0cc003f8
PIM_MV_GB 0x0cc003f8
PIM_MV_GB 0x10c003f8
PIM_MV_GB 0x10c003f8
PIM_MV_GB 0x10c003f8
PIM_MV_GB 0x10c003f8
PIM_MV_GB 0x10c003f8
PIM_MV_GB 0x10c003f8
PIM_MV_GB 0x10c003f8
PIM_MV_GB 0x10c003f8
PIM_MV_GB 0x14c003f8
PIM_MV_GB 0x14c003f8
PIM_MV_GB 0x14c003f8
PIM_MV_GB 0x14c003f8
PIM_MV_GB 0x14c003f8
PIM_MV_GB 0x14c003f8
PIM_MV_GB 0x14c003f8
PIM_MV_GB 0x14c003f8
PIM_MV_GB 0x18c003f8
PIM_MV_GB 0x18c003f8
PIM_MV_GB 0x18c003f8
PIM_MV_GB 0x18c003f8
PIM_MV_GB 0x18c003f8
PIM_MV_GB 0x18c003f8
PIM_MV_GB 0x18c003f8
PIM_MV_GB 0x18c003f8
PIM_MV_GB 0x1cc003f8
PIM_MV_GB 0x1cc003f8
PIM_MV_GB 0x1cc003f8
PIM_MV_GB 0x1cc003f8
PIM_MV_GB 0x1cc003f8
PIM_MV_GB 0x1cc003f8
PIM_MV_GB 0x1cc003f8
PIM_MV_GB 0x1cc003f8
PIM_BARRIER 0x00000000
PIM_MAC_AB 0x00c003f8
PIM_MAC_AB 0x00c003f8
PIM_MAC_AB 0x00c003f8
PIM_MAC_AB 0x00c003f8
PIM_MAC_AB 0x00c003f8
PIM_MAC_AB 0x00c003f8
PIM_MAC_AB 0x00c003f8
PIM_MAC_AB 0x00c003f8
PIM_BARRIER 0x00000000
PIM_MAC_AB 0x00c00418
PIM_MAC_AB 0x00c00418
PIM_MAC_AB 0x00c00418
PIM_MAC_AB 0x00c00418
PIM_MAC_AB 0x00c00418
PIM_MAC_AB 0x00c00418
PIM_MAC_AB 0x00c00418
PIM_MAC_AB 0x00c00418
PIM_MV_SB 0x00c003f8
PIM_MV_SB 0x00c003f8
PIM_MV_SB 0x00c003f8
PIM_MV_SB 0x00c003f8
PIM_MV_SB 0x00c003f8
PIM_MV_SB 0x00c003f8
PIM_MV_SB 0x00c003f8
PIM_MV_SB 0x00c003f8
PIM_MV_SB 0x10c003f8
PIM_MV_SB 0x10c003f8
PIM_MV_SB 0x10c003f8
PIM_MV_SB 0x10c003f8
PIM_MV_SB 0x10c003f8
PIM_MV_SB 0x10c003f8
PIM_MV_SB 0x10c003f8
PIM_MV_SB 0x10c003f8
PIM_MV_SB 0x01c003f8
PIM_MV_SB 0x01c003f8
PIM_MV_SB 0x01c003f8
PIM_MV_SB 0x01c003f8
PIM_MV_SB 0x01c003f8
PIM_MV_SB 0x01c003f8
PIM_MV_SB 0x01c003f8
PIM_MV_SB 0x01c003f8
PIM_MV_SB 0x11c003f8
PIM_MV_SB 0x11c003f8
PIM_MV_SB 0x11c003f8
PIM_MV_SB 0x11c003f8
PIM_MV_SB 0x11c003f8
PIM_MV_SB 0x11c003f8
PIM_MV_SB 0x11c003f8
PIM_MV_SB 0x11c003f8
PIM_MV_SB 0x02c003f8
PIM_MV_SB 0x02c003f8
PIM_MV_SB 0x02c003f8
PIM_MV_SB 0x02c003f8
PIM_MV_SB 0x02c003f8
PIM_MV_SB 0x02c003f8
PIM_MV_SB 0x02c003f8
PIM_MV_SB 0x02c003f8
PIM_MV_SB 0x12c003f8
PIM_MV_SB 0x12c003f8
PIM_MV_SB 0x12c003f8
PIM_MV_SB 0x12c003f8
PIM_MV_SB 0x12c003f8
PIM_MV_SB 0x12c003f8
PIM_MV_SB 0x12c003f8
PIM_MV_SB 0x12c003f8
PIM_MV_SB 0x03c003f8
PIM_MV_SB 0x03c003f8
PIM_MV_SB 0x03c003f8
PIM_MV_SB 0x03c003f8
PIM_MV_SB 0x03c003f8
PIM_MV_SB 0x03c003f8
PIM_MV_SB 0x03c003f8
PIM_MV_SB 0x03c003f8
PIM_MV_SB 0x13c003f8
PIM_MV_SB 0x13c003f8
PIM_MV_SB 0x13c003f8
PIM_MV_SB 0x13c003f8
PIM_MV_SB 0x13c003f8
PIM_MV_SB 0x13c003f8
PIM_MV_SB 0x13c003f8
PIM_MV_SB 0x13c003f8
PIM_BARRIER 0x00000000
PIM_MV_SB 0x00c003f8
PIM_MV_SB 0x00c003f8
PIM_MV_SB 0x00c003f8
PIM_MV_SB 0x00c003f8
PIM_MV_SB 0x00c003f8
PIM_MV_SB 0x00c003f8
PIM_MV_SB 0x00c003f8
PIM_MV_SB 0x00c003f8
PIM_MV_SB 0x10c003f8
PIM_MV_SB 0x10c003f8
PIM_MV_SB 0x10c003f8
PIM_MV_SB 0x10c003f8
PIM_MV_SB 0x10c003f8
PIM_MV_SB 0x10c003f8
PIM_MV_SB 0x10c003f8
PIM_MV_SB 0x10c003f8
PIM_MV_SB 0x01c003f8
PIM_MV_SB 0x01c003f8
PIM_MV_SB 0x01c003f8
PIM_MV_SB 0x01c003f8
PIM_MV_SB 0x01c003f8
PIM_MV_SB 0x01c003f8
PIM_MV_SB 0x01c003f8
PIM_MV_SB 0x01c003f8
PIM_MV_SB 0x11c003f8
PIM_MV_SB 0x11c003f8
PIM_MV_SB 0x11c003f8
PIM_MV_SB 0x11c003f8
PIM_MV_SB 0x11c003f8
PIM_MV_SB 0x11c003f8
PIM_MV_SB 0x11c003f8
PIM_MV_SB 0x11c003f8
PIM_MV_SB 0x02c003f8
PIM_MV_SB 0x02c003f8
PIM_MV_SB 0x02c003f8
PIM_MV_SB 0x02c003f8
PIM_MV_SB 0x02c003f8
PIM_MV_SB 0x02c003f8
PIM_MV_SB 0x02c003f8
PIM_MV_SB 0x02c003f8
PIM_MV_SB 0x12c003f8
PIM_MV_SB 0x12c003f8
PIM_MV_SB 0x12c003f8
PIM_MV_SB 0x12c003f8
PIM_MV_SB 0x12c003f8
PIM_MV_SB 0x12c003f8
PIM_MV_SB 0x12c003f8
PIM_MV_SB 0x12c003f8
PIM_MV_SB 0x03c003f8
PIM_MV_SB 0x03c003f8
PIM_MV_SB 0x03c003f8
PIM_MV_SB 0x03c003f8
PIM_MV_SB 0x03c003f8
PIM_MV_SB 0x03c003f8
PIM_MV_SB 0x03c003f8
PIM_MV_SB 0x03c003f8
PIM_MV_SB 0x13c003f8
PIM_MV_SB 0x13c003f8
PIM_MV_SB 0x13c003f8
PIM_MV_SB 0x13c003f8
PIM_MV_SB 0x13c003f8
PIM_MV_SB 0x13c003f8
PIM_MV_SB 0x13c003f8
PIM_MV_SB 0x13c003f8
