##### start k=2 star_repair_r5w3k47 12:55:06
[k2 star_repair_r5w3k47] REPORT_SUMMARY {"ablation": "A1", "decode_attn": "pim", "energy_nj": 147976790773497.28, "engine": "dag", "event_count": 2499968, "kv_mapping": "private", "link_bytes": 21306212352, "makespan_s": 53.24934919717759, "pim_prefill_mode": "gpu", "policy": "no-reuse-physical"}
[k2 star_repair_r5w3k47] REPORT_SUMMARY {"ablation": "A2", "decode_attn": "gpu", "energy_nj": 2889787427877.9033, "engine": "dag", "event_count": 20448, "kv_mapping": "none", "link_bytes": 1382510755840, "makespan_s": 70.18587318938668, "pim_prefill_mode": "gpu", "policy": "recompute"}
[k2 star_repair_r5w3k47] REPORT_SUMMARY {"ablation": "A3", "decode_attn": "pim", "energy_nj": 5006087360112.735, "engine": "dag", "event_count": 36319072, "kv_mapping": "naive", "link_bytes": 25751014186, "makespan_s": 38.13008898326295, "pim_prefill_mode": "gpu", "policy": "recompute"}
[k2 star_repair_r5w3k47] REPORT_SUMMARY {"ablation": "A3a", "decode_attn": "pim", "energy_nj": 4470364539491.506, "engine": "dag", "event_count": 7745376, "kv_mapping": "naive-mask", "link_bytes": 25751014186, "makespan_s": 27.85769231761106, "pim_prefill_mode": "gpu", "policy": "recompute"}
[k2 star_repair_r5w3k47] REPORT_SUMMARY {"ablation": "A4", "decode_attn": "pim", "energy_nj": 4725174339230.478, "engine": "dag", "event_count": 3468422, "kv_mapping": "master-diff", "link_bytes": 25751014186, "makespan_s": 13.985167293518039, "pim_prefill_mode": "gpu", "policy": "recompute"}
[k2 star_repair_r5w3k47] REPORT_SUMMARY {"ablation": "A5", "decode_attn": "pim", "energy_nj": 4792893786730.773, "engine": "dag", "event_count": 6679163, "kv_mapping": "master-diff", "link_bytes": 2748271402, "makespan_s": 11.319653845990938, "pim_prefill_mode": "pim", "policy": "recompute"}
[k2 star_repair_r5w3k47] REPORT_SUMMARY {"ablation": "A6", "decode_attn": "pim", "energy_nj": 4787475503536.38, "engine": "dag", "event_count": 6632923, "kv_mapping": "master-diff", "link_bytes": 2912439082, "makespan_s": 11.319537567161047, "pim_prefill_mode": "dynamic", "policy": "recompute"}
[k2 star_repair_r5w3k47] TIER_CSV: /data2/chenyi9/KV-PIM/attacc_drampim_xinyao/output/20260828-125506_workload_star_repair_r5w3k47_LLAMA3-8B_k2/dag_ladder_tiers.csv
[k2 star_repair_r5w3k47] CSV: /data2/chenyi9/KV-PIM/attacc_drampim_xinyao/output/20260828-125506_workload_star_repair_r5w3k47_LLAMA3-8B_k2/dag_ladder.csv
##### end k=2 star_repair_r5w3k47 17:31:45
##### start k=8 star_repair_r5w3k47 17:31:45
[k8 star_repair_r5w3k47] REPORT_SUMMARY {"ablation": "A2", "decode_attn": "gpu", "energy_nj": 2945675113798.1553, "engine": "dag", "event_count": 20448, "kv_mapping": "none", "link_bytes": 1382510755840, "makespan_s": 70.95506805293543, "pim_prefill_mode": "gpu", "policy": "recompute"}
[k8 star_repair_r5w3k47] REPORT_SUMMARY {"ablation": "A3", "decode_attn": "pim", "energy_nj": 6518314979667.004, "engine": "dag", "event_count": 111680356, "kv_mapping": "naive", "link_bytes": 25846958890, "makespan_s": 66.92797036604068, "pim_prefill_mode": "gpu", "policy": "recompute"}
[k8 star_repair_r5w3k47] REPORT_SUMMARY {"ablation": "A3a", "decode_attn": "pim", "energy_nj": 4538045490107.032, "engine": "dag", "event_count": 7744356, "kv_mapping": "naive-mask", "link_bytes": 25846958890, "makespan_s": 28.565024336305342, "pim_prefill_mode": "gpu", "policy": "recompute"}
[k8 star_repair_r5w3k47] REPORT_SUMMARY {"ablation": "A4", "decode_attn": "pim", "energy_nj": 4807277839138.913, "engine": "dag", "event_count": 3468934, "kv_mapping": "master-diff", "link_bytes": 25846958890, "makespan_s": 14.861629202587242, "pim_prefill_mode": "gpu", "policy": "recompute"}
[k8 star_repair_r5w3k47] REPORT_SUMMARY {"ablation": "A5", "decode_attn": "pim", "energy_nj": 5236707454707.06, "engine": "dag", "event_count": 7494538, "kv_mapping": "master-diff", "link_bytes": 3132050218, "makespan_s": 11.92629178145331, "pim_prefill_mode": "pim", "policy": "recompute"}
[k8 star_repair_r5w3k47] REPORT_SUMMARY {"ablation": "A6", "decode_attn": "pim", "energy_nj": 5230049768502.802, "engine": "dag", "event_count": 7438794, "kv_mapping": "master-diff", "link_bytes": 3289729834, "makespan_s": 11.925837080793142, "pim_prefill_mode": "dynamic", "policy": "recompute"}
[k8 star_repair_r5w3k47] TIER_CSV: /data2/chenyi9/KV-PIM/attacc_drampim_xinyao/output/20260828-173145_workload_star_repair_r5w3k47_LLAMA3-8B_k8/dag_ladder_tiers.csv
[k8 star_repair_r5w3k47] CSV: /data2/chenyi9/KV-PIM/attacc_drampim_xinyao/output/20260828-173145_workload_star_repair_r5w3k47_LLAMA3-8B_k8/dag_ladder.csv
##### end k=8 star_repair_r5w3k47 23:56:23
##### start k=32 star_repair_r5w3k47 23:56:23
[k32 star_repair_r5w3k47] REPORT_SUMMARY {"ablation": "A2", "decode_attn": "gpu", "energy_nj": 3164910826980.8965, "engine": "dag", "event_count": 20448, "kv_mapping": "none", "link_bytes": 1382510755840, "makespan_s": 74.46855026916586, "pim_prefill_mode": "gpu", "policy": "recompute"}
[k32 star_repair_r5w3k47] REPORT_SUMMARY {"ablation": "A3", "decode_attn": "pim", "energy_nj": 11066407429842.117, "engine": "dag", "event_count": 297317473, "kv_mapping": "naive", "link_bytes": 26230737706, "makespan_s": 141.3982260420663, "pim_prefill_mode": "gpu", "policy": "recompute"}
[k32 star_repair_r5w3k47] REPORT_SUMMARY {"ablation": "A3a", "decode_attn": "pim", "energy_nj": 4851826514986.694, "engine": "dag", "event_count": 7746657, "kv_mapping": "naive-mask", "link_bytes": 26230737706, "makespan_s": 32.45976410221904, "pim_prefill_mode": "gpu", "policy": "recompute"}
[k32 star_repair_r5w3k47] REPORT_SUMMARY {"ablation": "A4", "decode_attn": "pim", "energy_nj": 5131883305049.022, "engine": "dag", "event_count": 3471622, "kv_mapping": "master-diff", "link_bytes": 26230737706, "makespan_s": 18.853662857396795, "pim_prefill_mode": "gpu", "policy": "recompute"}
[k32 star_repair_r5w3k47] REPORT_SUMMARY {"ablation": "A5", "decode_attn": "pim", "energy_nj": 7062341531654.624, "engine": "dag", "event_count": 10764092, "kv_mapping": "master-diff", "link_bytes": 4667165482, "makespan_s": 14.884130000012087, "pim_prefill_mode": "pim", "policy": "recompute"}
[k32 star_repair_r5w3k47] REPORT_SUMMARY {"ablation": "A6", "decode_attn": "pim", "energy_nj": 7037403417178.974, "engine": "dag", "event_count": 10568886, "kv_mapping": "master-diff", "link_bytes": 5121329962, "makespan_s": 14.872093936444102, "pim_prefill_mode": "dynamic", "policy": "recompute"}
[k32 star_repair_r5w3k47] TIER_CSV: /data2/chenyi9/KV-PIM/attacc_drampim_xinyao/output/20260828-235623_workload_star_repair_r5w3k47_LLAMA3-8B_k32/dag_ladder_tiers.csv
[k32 star_repair_r5w3k47] CSV: /data2/chenyi9/KV-PIM/attacc_drampim_xinyao/output/20260828-235623_workload_star_repair_r5w3k47_LLAMA3-8B_k32/dag_ladder.csv
##### end k=32 star_repair_r5w3k47 07:20:00
SUITE DONE 07:20:00
