##### start k=2 pipeline_repair_c5k50 13:06:30
[k2 pipeline_repair_c5k50] REPORT_SUMMARY {"ablation": "A1", "decode_attn": "pim", "energy_nj": 76088570492800.95, "engine": "dag", "event_count": 1824384, "kv_mapping": "private", "link_bytes": 12234915840, "makespan_s": 32.83053431965904, "pim_prefill_mode": "gpu", "policy": "no-reuse-physical"}
[k2 pipeline_repair_c5k50] REPORT_SUMMARY {"ablation": "A2", "decode_attn": "gpu", "energy_nj": 2100601234945.5352, "engine": "dag", "event_count": 12640, "kv_mapping": "none", "link_bytes": 603439890432, "makespan_s": 37.91406655873989, "pim_prefill_mode": "gpu", "policy": "recompute"}
[k2 pipeline_repair_c5k50] REPORT_SUMMARY {"ablation": "A3", "decode_attn": "pim", "energy_nj": 2823634883816.7964, "engine": "dag", "event_count": 7439987, "kv_mapping": "naive", "link_bytes": 13847309138, "makespan_s": 20.20911125822533, "pim_prefill_mode": "gpu", "policy": "recompute"}
[k2 pipeline_repair_c5k50] REPORT_SUMMARY {"ablation": "A3a", "decode_attn": "pim", "energy_nj": 2792036083972.1396, "engine": "dag", "event_count": 5142131, "kv_mapping": "naive-mask", "link_bytes": 13847309138, "makespan_s": 19.569275387948842, "pim_prefill_mode": "gpu", "policy": "recompute"}
[k2 pipeline_repair_c5k50] REPORT_SUMMARY {"ablation": "A4", "decode_attn": "pim", "energy_nj": 2945130783957.997, "engine": "dag", "event_count": 2587318, "kv_mapping": "master-diff", "link_bytes": 13847309138, "makespan_s": 13.460409635549738, "pim_prefill_mode": "gpu", "policy": "recompute"}
[k2 pipeline_repair_c5k50] REPORT_SUMMARY {"ablation": "A5", "decode_attn": "pim", "energy_nj": 2999166159436.8555, "engine": "dag", "event_count": 6170324, "kv_mapping": "master-diff", "link_bytes": 2173840210, "makespan_s": 12.23525438746176, "pim_prefill_mode": "pim", "policy": "recompute"}
[k2 pipeline_repair_c5k50] REPORT_SUMMARY {"ablation": "A6", "decode_attn": "pim", "energy_nj": 2765595390571.0854, "engine": "dag", "event_count": 4890160, "kv_mapping": "master-diff", "link_bytes": 3480890194, "makespan_s": 12.161499722946248, "pim_prefill_mode": "dynamic", "policy": "recompute"}
[k2 pipeline_repair_c5k50] TIER_CSV: /data2/chenyi9/KV-PIM/attacc_drampim_xinyao/output/20260828-130630_workload_pipeline_repair_c5k50_LLAMA3-8B_k2/dag_ladder_tiers.csv
[k2 pipeline_repair_c5k50] CSV: /data2/chenyi9/KV-PIM/attacc_drampim_xinyao/output/20260828-130630_workload_pipeline_repair_c5k50_LLAMA3-8B_k2/dag_ladder.csv
##### end k=2 pipeline_repair_c5k50 17:00:34
##### start k=8 pipeline_repair_c5k50 17:00:34
[k8 pipeline_repair_c5k50] REPORT_SUMMARY {"ablation": "A2", "decode_attn": "gpu", "energy_nj": 2120937911220.8735, "engine": "dag", "event_count": 12640, "kv_mapping": "none", "link_bytes": 603439890432, "makespan_s": 38.22600616409111, "pim_prefill_mode": "gpu", "policy": "recompute"}
[k8 pipeline_repair_c5k50] REPORT_SUMMARY {"ablation": "A3", "decode_attn": "pim", "energy_nj": 2913190022592.379, "engine": "dag", "event_count": 14151926, "kv_mapping": "naive", "link_bytes": 13885254482, "makespan_s": 22.319678471370697, "pim_prefill_mode": "gpu", "policy": "recompute"}
[k8 pipeline_repair_c5k50] REPORT_SUMMARY {"ablation": "A3a", "decode_attn": "pim", "energy_nj": 2812452234799.0483, "engine": "dag", "event_count": 5140726, "kv_mapping": "naive-mask", "link_bytes": 13885254482, "makespan_s": 19.80812819315178, "pim_prefill_mode": "gpu", "policy": "recompute"}
[k8 pipeline_repair_c5k50] REPORT_SUMMARY {"ablation": "A4", "decode_attn": "pim", "energy_nj": 2973339614774.546, "engine": "dag", "event_count": 2587574, "kv_mapping": "master-diff", "link_bytes": 13885254482, "makespan_s": 13.803248552585604, "pim_prefill_mode": "gpu", "policy": "recompute"}
[k8 pipeline_repair_c5k50] REPORT_SUMMARY {"ablation": "A5", "decode_attn": "pim", "energy_nj": 3165307928297.407, "engine": "dag", "event_count": 6527696, "kv_mapping": "master-diff", "link_bytes": 2325621586, "makespan_s": 12.489781322178812, "pim_prefill_mode": "pim", "policy": "recompute"}
[k8 pipeline_repair_c5k50] REPORT_SUMMARY {"ablation": "A6", "decode_attn": "pim", "energy_nj": 2907468025835.4263, "engine": "dag", "event_count": 5142142, "kv_mapping": "master-diff", "link_bytes": 3598461778, "makespan_s": 12.403657667274306, "pim_prefill_mode": "dynamic", "policy": "recompute"}
[k8 pipeline_repair_c5k50] TIER_CSV: /data2/chenyi9/KV-PIM/attacc_drampim_xinyao/output/20260828-170034_workload_pipeline_repair_c5k50_LLAMA3-8B_k8/dag_ladder_tiers.csv
[k8 pipeline_repair_c5k50] CSV: /data2/chenyi9/KV-PIM/attacc_drampim_xinyao/output/20260828-170034_workload_pipeline_repair_c5k50_LLAMA3-8B_k8/dag_ladder.csv
##### end k=8 pipeline_repair_c5k50 20:05:49
##### start k=32 pipeline_repair_c5k50 20:05:49
[k32 pipeline_repair_c5k50] REPORT_SUMMARY {"ablation": "A2", "decode_attn": "gpu", "energy_nj": 2201919135073.423, "engine": "dag", "event_count": 12640, "kv_mapping": "none", "link_bytes": 603439890432, "makespan_s": 39.473728560033166, "pim_prefill_mode": "gpu", "policy": "recompute"}
[k32 pipeline_repair_c5k50] REPORT_SUMMARY {"ablation": "A3", "decode_attn": "pim", "energy_nj": 3327501183184.1562, "engine": "dag", "event_count": 37575540, "kv_mapping": "naive", "link_bytes": 14037035858, "makespan_s": 30.68149388188972, "pim_prefill_mode": "gpu", "policy": "recompute"}
[k32 pipeline_repair_c5k50] REPORT_SUMMARY {"ablation": "A3a", "decode_attn": "pim", "energy_nj": 2920137935352.2285, "engine": "dag", "event_count": 5139572, "kv_mapping": "naive-mask", "link_bytes": 14037035858, "makespan_s": 21.143576332573275, "pim_prefill_mode": "gpu", "policy": "recompute"}
[k32 pipeline_repair_c5k50] REPORT_SUMMARY {"ablation": "A4", "decode_attn": "pim", "energy_nj": 3086539054964.899, "engine": "dag", "event_count": 2588342, "kv_mapping": "master-diff", "link_bytes": 14037035858, "makespan_s": 15.195414984923664, "pim_prefill_mode": "gpu", "policy": "recompute"}
[k32 pipeline_repair_c5k50] REPORT_SUMMARY {"ablation": "A5", "decode_attn": "pim", "energy_nj": 3844895321645.2764, "engine": "dag", "event_count": 7959238, "kv_mapping": "master-diff", "link_bytes": 2932747090, "makespan_s": 13.70878495734559, "pim_prefill_mode": "pim", "policy": "recompute"}
[k32 pipeline_repair_c5k50] REPORT_SUMMARY {"ablation": "A6", "decode_attn": "pim", "energy_nj": 3485760120919.369, "engine": "dag", "event_count": 6150966, "kv_mapping": "master-diff", "link_bytes": 4068748114, "makespan_s": 13.521623219413502, "pim_prefill_mode": "dynamic", "policy": "recompute"}
[k32 pipeline_repair_c5k50] TIER_CSV: /data2/chenyi9/KV-PIM/attacc_drampim_xinyao/output/20260828-200549_workload_pipeline_repair_c5k50_LLAMA3-8B_k32/dag_ladder_tiers.csv
[k32 pipeline_repair_c5k50] CSV: /data2/chenyi9/KV-PIM/attacc_drampim_xinyao/output/20260828-200549_workload_pipeline_repair_c5k50_LLAMA3-8B_k32/dag_ladder.csv
##### end k=32 pipeline_repair_c5k50 23:02:35
SUITE DONE 23:02:35
