### star k=2 ended and free>280G -- launching debate 2026-08-28-17:32:06
##### start k=2 debate_d3r5k49 17:32:06
[k2 debate_d3r5k49] REPORT_SUMMARY {"ablation": "A1", "decode_attn": "pim", "energy_nj": 124478174318588.48, "engine": "dag", "event_count": 2047648, "kv_mapping": "private", "link_bytes": 17169317888, "makespan_s": 43.840667864570435, "pim_prefill_mode": "gpu", "policy": "no-reuse-physical"}
[k2 debate_d3r5k49] REPORT_SUMMARY {"ablation": "A2", "decode_attn": "gpu", "energy_nj": 2485223338421.0273, "engine": "dag", "event_count": 16032, "kv_mapping": "none", "link_bytes": 1261533921280, "makespan_s": 62.86092420892649, "pim_prefill_mode": "gpu", "policy": "recompute"}
[k2 debate_d3r5k49] REPORT_SUMMARY {"ablation": "A3", "decode_attn": "pim", "energy_nj": 4063353549739.599, "engine": "dag", "event_count": 14404599, "kv_mapping": "naive", "link_bytes": 20273117490, "makespan_s": 26.954132787892217, "pim_prefill_mode": "gpu", "policy": "recompute"}
[k2 debate_d3r5k49] REPORT_SUMMARY {"ablation": "A3a", "decode_attn": "pim", "energy_nj": 3914420675338.4585, "engine": "dag", "event_count": 6515703, "kv_mapping": "naive-mask", "link_bytes": 20273117490, "makespan_s": 24.093171190616673, "pim_prefill_mode": "gpu", "policy": "recompute"}
[k2 debate_d3r5k49] REPORT_SUMMARY {"ablation": "A4", "decode_attn": "pim", "energy_nj": 4257923661987.5186, "engine": "dag", "event_count": 3225210, "kv_mapping": "master-diff", "link_bytes": 20273117490, "makespan_s": 11.605211289992425, "pim_prefill_mode": "gpu", "policy": "recompute"}
[k2 debate_d3r5k49] REPORT_SUMMARY {"ablation": "A5", "decode_attn": "pim", "energy_nj": 4691424104969.396, "engine": "dag", "event_count": 6643506, "kv_mapping": "master-diff", "link_bytes": 2700032306, "makespan_s": 9.233928954604455, "pim_prefill_mode": "pim", "policy": "recompute"}
[k2 debate_d3r5k49] REPORT_SUMMARY {"ablation": "A6", "decode_attn": "pim", "energy_nj": 4683286262439.178, "engine": "dag", "event_count": 6526130, "kv_mapping": "master-diff", "link_bytes": 2696362290, "makespan_s": 9.216314747761306, "pim_prefill_mode": "dynamic", "policy": "recompute"}
[k2 debate_d3r5k49] TIER_CSV: /data2/chenyi9/KV-PIM/attacc_drampim_xinyao/output/20260828-173206_workload_debate_d3r5k49_LLAMA3-8B_k2/dag_ladder_tiers.csv
[k2 debate_d3r5k49] CSV: /data2/chenyi9/KV-PIM/attacc_drampim_xinyao/output/20260828-173206_workload_debate_d3r5k49_LLAMA3-8B_k2/dag_ladder.csv
##### end k=2 debate_d3r5k49 00:16:48
##### start k=8 debate_d3r5k49 00:16:48
[k8 debate_d3r5k49] REPORT_SUMMARY {"ablation": "A2", "decode_attn": "gpu", "energy_nj": 2500515439181.771, "engine": "dag", "event_count": 16032, "kv_mapping": "none", "link_bytes": 1261533921280, "makespan_s": 63.0897553039067, "pim_prefill_mode": "gpu", "policy": "recompute"}
[k8 debate_d3r5k49] REPORT_SUMMARY {"ablation": "A3", "decode_attn": "pim", "energy_nj": 4469804392330.276, "engine": "dag", "event_count": 35205876, "kv_mapping": "naive", "link_bytes": 20300249394, "makespan_s": 34.829767296011504, "pim_prefill_mode": "gpu", "policy": "recompute"}
[k8 debate_d3r5k49] REPORT_SUMMARY {"ablation": "A3a", "decode_attn": "pim", "energy_nj": 3930169475425.855, "engine": "dag", "event_count": 6517492, "kv_mapping": "naive-mask", "link_bytes": 20300249394, "makespan_s": 24.18332208686736, "pim_prefill_mode": "gpu", "policy": "recompute"}
[k8 debate_d3r5k49] REPORT_SUMMARY {"ablation": "A4", "decode_attn": "pim", "energy_nj": 4280477473161.4204, "engine": "dag", "event_count": 3225466, "kv_mapping": "master-diff", "link_bytes": 20300249394, "makespan_s": 11.86292323637947, "pim_prefill_mode": "gpu", "policy": "recompute"}
[k8 debate_d3r5k49] REPORT_SUMMARY {"ablation": "A5", "decode_attn": "pim", "energy_nj": 4817684623882.147, "engine": "dag", "event_count": 6877258, "kv_mapping": "master-diff", "link_bytes": 2808559922, "makespan_s": 9.412572300674062, "pim_prefill_mode": "pim", "policy": "recompute"}
[k8 debate_d3r5k49] REPORT_SUMMARY {"ablation": "A6", "decode_attn": "pim", "energy_nj": 4809426780600.085, "engine": "dag", "event_count": 6758154, "kv_mapping": "master-diff", "link_bytes": 2803710258, "makespan_s": 9.39475638564082, "pim_prefill_mode": "dynamic", "policy": "recompute"}
[k8 debate_d3r5k49] TIER_CSV: /data2/chenyi9/KV-PIM/attacc_drampim_xinyao/output/20260829-001648_workload_debate_d3r5k49_LLAMA3-8B_k8/dag_ladder_tiers.csv
[k8 debate_d3r5k49] CSV: /data2/chenyi9/KV-PIM/attacc_drampim_xinyao/output/20260829-001648_workload_debate_d3r5k49_LLAMA3-8B_k8/dag_ladder.csv
##### end k=8 debate_d3r5k49 02:59:41
##### start k=32 debate_d3r5k49 02:59:41
[k32 debate_d3r5k49] REPORT_SUMMARY {"ablation": "A2", "decode_attn": "gpu", "energy_nj": 2562256643390.0557, "engine": "dag", "event_count": 16032, "kv_mapping": "none", "link_bytes": 1261533921280, "makespan_s": 64.03085559618512, "pim_prefill_mode": "gpu", "policy": "recompute"}
[k32 debate_d3r5k49] REPORT_SUMMARY {"ablation": "A3", "decode_attn": "pim", "energy_nj": 5754423182678.132, "engine": "dag", "event_count": 88695543, "kv_mapping": "naive", "link_bytes": 20408777010, "makespan_s": 56.453146164316344, "pim_prefill_mode": "gpu", "policy": "recompute"}
[k32 debate_d3r5k49] REPORT_SUMMARY {"ablation": "A3a", "decode_attn": "pim", "energy_nj": 4013220227376.9424, "engine": "dag", "event_count": 6517239, "kv_mapping": "naive-mask", "link_bytes": 20408777010, "makespan_s": 25.204316452616894, "pim_prefill_mode": "gpu", "policy": "recompute"}
[k32 debate_d3r5k49] REPORT_SUMMARY {"ablation": "A4", "decode_attn": "pim", "energy_nj": 4372771160104.768, "engine": "dag", "event_count": 3226234, "kv_mapping": "master-diff", "link_bytes": 20408777010, "makespan_s": 12.936226801940714, "pim_prefill_mode": "gpu", "policy": "recompute"}
[k32 debate_d3r5k49] REPORT_SUMMARY {"ablation": "A5", "decode_attn": "pim", "energy_nj": 5330160067453.599, "engine": "dag", "event_count": 7814042, "kv_mapping": "master-diff", "link_bytes": 3242670386, "makespan_s": 10.214373450398751, "pim_prefill_mode": "pim", "policy": "recompute"}
[k32 debate_d3r5k49] REPORT_SUMMARY {"ablation": "A6", "decode_attn": "pim", "energy_nj": 5321227408830.88, "engine": "dag", "event_count": 7688026, "kv_mapping": "master-diff", "link_bytes": 3233102130, "makespan_s": 10.195410378576357, "pim_prefill_mode": "dynamic", "policy": "recompute"}
[k32 debate_d3r5k49] TIER_CSV: /data2/chenyi9/KV-PIM/attacc_drampim_xinyao/output/20260829-025941_workload_debate_d3r5k49_LLAMA3-8B_k32/dag_ladder_tiers.csv
[k32 debate_d3r5k49] CSV: /data2/chenyi9/KV-PIM/attacc_drampim_xinyao/output/20260829-025941_workload_debate_d3r5k49_LLAMA3-8B_k32/dag_ladder.csv
##### end k=32 debate_d3r5k49 05:56:35
SUITE DONE 05:56:35
