##### start k=2 multisource_rag_n12s96 13:06:28
[k2 multisource_rag_n12s96] REPORT_SUMMARY {"ablation": "A1", "decode_attn": "pim", "energy_nj": 281717722588234.25, "engine": "dag", "event_count": 329344, "kv_mapping": "private", "link_bytes": 39410073600, "makespan_s": 86.68631767922881, "pim_prefill_mode": "gpu", "policy": "no-reuse-physical"}
[k2 multisource_rag_n12s96] REPORT_SUMMARY {"ablation": "A2", "decode_attn": "gpu", "energy_nj": 1041103318299.1172, "engine": "dag", "event_count": 7392, "kv_mapping": "none", "link_bytes": 319602819072, "makespan_s": 23.44431481196341, "pim_prefill_mode": "gpu", "policy": "recompute"}
[k2 multisource_rag_n12s96] REPORT_SUMMARY {"ablation": "A3", "decode_attn": "pim", "energy_nj": 2034072732456.627, "engine": "dag", "event_count": 34583606, "kv_mapping": "naive", "link_bytes": 19964986918, "makespan_s": 27.067318416836578, "pim_prefill_mode": "gpu", "policy": "recompute"}
[k2 multisource_rag_n12s96] REPORT_SUMMARY {"ablation": "A3a", "decode_attn": "pim", "energy_nj": 1345565482447.2734, "engine": "dag", "event_count": 1031606, "kv_mapping": "naive-mask", "link_bytes": 19964986918, "makespan_s": 13.099482281789072, "pim_prefill_mode": "gpu", "policy": "recompute"}
[k2 multisource_rag_n12s96] REPORT_SUMMARY {"ablation": "A4", "decode_attn": "pim", "energy_nj": 1427401675320.9578, "engine": "dag", "event_count": 599030, "kv_mapping": "master-diff", "link_bytes": 19964986918, "makespan_s": 9.960368957313799, "pim_prefill_mode": "gpu", "policy": "recompute"}
[k2 multisource_rag_n12s96] REPORT_SUMMARY {"ablation": "A5", "decode_attn": "pim", "energy_nj": 1544219663359.6116, "engine": "dag", "event_count": 2262566, "kv_mapping": "master-diff", "link_bytes": 2550302246, "makespan_s": 8.816244869034449, "pim_prefill_mode": "pim", "policy": "recompute"}
[k2 multisource_rag_n12s96] REPORT_SUMMARY {"ablation": "A6", "decode_attn": "pim", "energy_nj": 1544219663359.6116, "engine": "dag", "event_count": 2262566, "kv_mapping": "master-diff", "link_bytes": 2550302246, "makespan_s": 8.816244869034449, "pim_prefill_mode": "dynamic", "policy": "recompute"}
[k2 multisource_rag_n12s96] TIER_CSV: /data2/chenyi9/KV-PIM/attacc_drampim_xinyao/output/20260828-130628_workload_multisource_rag_n12s96_LLAMA3-8B_k2/dag_ladder_tiers.csv
[k2 multisource_rag_n12s96] CSV: /data2/chenyi9/KV-PIM/attacc_drampim_xinyao/output/20260828-130628_workload_multisource_rag_n12s96_LLAMA3-8B_k2/dag_ladder.csv
##### end k=2 multisource_rag_n12s96 15:06:54
##### start k=8 multisource_rag_n12s96 15:06:54
[k8 multisource_rag_n12s96] REPORT_SUMMARY {"ablation": "A2", "decode_attn": "gpu", "energy_nj": 1161475810029.0986, "engine": "dag", "event_count": 7392, "kv_mapping": "none", "link_bytes": 319602819072, "makespan_s": 25.398520652247512, "pim_prefill_mode": "gpu", "policy": "recompute"}
[k8 multisource_rag_n12s96] REPORT_SUMMARY {"ablation": "A3", "decode_attn": "pim", "energy_nj": 3964271448040.4653, "engine": "dag", "event_count": 111406582, "kv_mapping": "naive", "link_bytes": 20170442278, "makespan_s": 62.54676450347334, "pim_prefill_mode": "gpu", "policy": "recompute"}
[k8 multisource_rag_n12s96] REPORT_SUMMARY {"ablation": "A3a", "decode_attn": "pim", "energy_nj": 1480033410504.0442, "engine": "dag", "event_count": 1030518, "kv_mapping": "naive-mask", "link_bytes": 20170442278, "makespan_s": 15.077889541155306, "pim_prefill_mode": "gpu", "policy": "recompute"}
[k8 multisource_rag_n12s96] REPORT_SUMMARY {"ablation": "A4", "decode_attn": "pim", "energy_nj": 1562682250783.6335, "engine": "dag", "event_count": 599414, "kv_mapping": "master-diff", "link_bytes": 20170442278, "makespan_s": 11.979448182231746, "pim_prefill_mode": "gpu", "policy": "recompute"}
[k8 multisource_rag_n12s96] REPORT_SUMMARY {"ablation": "A5", "decode_attn": "pim", "energy_nj": 2481803357928.572, "engine": "dag", "event_count": 3932366, "kv_mapping": "master-diff", "link_bytes": 3372123686, "makespan_s": 10.066929268603928, "pim_prefill_mode": "pim", "policy": "recompute"}
[k8 multisource_rag_n12s96] REPORT_SUMMARY {"ablation": "A6", "decode_attn": "pim", "energy_nj": 2481803357928.572, "engine": "dag", "event_count": 3932366, "kv_mapping": "master-diff", "link_bytes": 3372123686, "makespan_s": 10.066929268603928, "pim_prefill_mode": "dynamic", "policy": "recompute"}
[k8 multisource_rag_n12s96] TIER_CSV: /data2/chenyi9/KV-PIM/attacc_drampim_xinyao/output/20260828-150654_workload_multisource_rag_n12s96_LLAMA3-8B_k8/dag_ladder_tiers.csv
[k8 multisource_rag_n12s96] CSV: /data2/chenyi9/KV-PIM/attacc_drampim_xinyao/output/20260828-150654_workload_multisource_rag_n12s96_LLAMA3-8B_k8/dag_ladder.csv
##### end k=8 multisource_rag_n12s96 17:42:35
##### start k=32 multisource_rag_n12s96 17:42:35
[k32 multisource_rag_n12s96] REPORT_SUMMARY {"ablation": "A2", "decode_attn": "gpu", "energy_nj": 1640490823938.7358, "engine": "dag", "event_count": 7392, "kv_mapping": "none", "link_bytes": 319602819072, "makespan_s": 33.21583544475001, "pim_prefill_mode": "gpu", "policy": "recompute"}
[k32 multisource_rag_n12s96] REPORT_SUMMARY {"ablation": "A3", "decode_attn": "pim", "energy_nj": 6898432991695.804, "engine": "dag", "event_count": 206254422, "kv_mapping": "naive", "link_bytes": 20992263718, "makespan_s": 109.9805085624093, "pim_prefill_mode": "gpu", "policy": "recompute"}
[k32 multisource_rag_n12s96] REPORT_SUMMARY {"ablation": "A3a", "decode_attn": "pim", "energy_nj": 2017943981211.607, "engine": "dag", "event_count": 1033334, "kv_mapping": "naive-mask", "link_bytes": 20992263718, "makespan_s": 23.129729462405468, "pim_prefill_mode": "gpu", "policy": "recompute"}
[k32 multisource_rag_n12s96] REPORT_SUMMARY {"ablation": "A4", "decode_attn": "pim", "energy_nj": 2101117397701.8523, "engine": "dag", "event_count": 600950, "kv_mapping": "master-diff", "link_bytes": 20992263718, "makespan_s": 20.081791841086357, "pim_prefill_mode": "gpu", "policy": "recompute"}
[k32 multisource_rag_n12s96] REPORT_SUMMARY {"ablation": "A5", "decode_attn": "pim", "energy_nj": 6565514485020.592, "engine": "dag", "event_count": 10646126, "kv_mapping": "master-diff", "link_bytes": 6659409446, "makespan_s": 17.885413605935792, "pim_prefill_mode": "pim", "policy": "recompute"}
[k32 multisource_rag_n12s96] REPORT_SUMMARY {"ablation": "A6", "decode_attn": "pim", "energy_nj": 6565514485020.592, "engine": "dag", "event_count": 10646126, "kv_mapping": "master-diff", "link_bytes": 6659409446, "makespan_s": 17.885413605935792, "pim_prefill_mode": "dynamic", "policy": "recompute"}
[k32 multisource_rag_n12s96] TIER_CSV: /data2/chenyi9/KV-PIM/attacc_drampim_xinyao/output/20260828-174235_workload_multisource_rag_n12s96_LLAMA3-8B_k32/dag_ladder_tiers.csv
[k32 multisource_rag_n12s96] CSV: /data2/chenyi9/KV-PIM/attacc_drampim_xinyao/output/20260828-174235_workload_multisource_rag_n12s96_LLAMA3-8B_k32/dag_ladder.csv
##### end k=32 multisource_rag_n12s96 00:18:22
SUITE DONE 00:18:22
