[warm] collected 59680 Acc ops -> 59680 unique shapes (single build 3062s); simulating with up to 3 workers
[warm] cache ready after 9796s total; repriced 118784 events, finalizing once
{
  "kind": "supervisor",
  "requests": 9,
  "reuse": {
    "cacheblend_full_recompute_layers": [],
    "cacheblend_partial_recompute_layers": [],
    "cacheblend_partial_rows": {},
    "cacheblend_recompute_ratio": 0.0,
    "cachecraft_alpha": 0.05,
    "epic_prefix_recompute_tokens": 1,
    "fresh_tokens": 200908,
    "policy": "no-reuse",
    "random_seed": 0,
    "recompute_canonical": false,
    "reusable_segments": [],
    "reused_tokens": 0
  },
  "tiers": {
    "0": [
      "map0",
      "map1",
      "map2",
      "map3",
      "map4",
      "map5",
      "map6",
      "map7"
    ],
    "1": [
      "reduce"
    ]
  },
  "total_history_tokens": 0,
  "total_input_tokens": 200908,
  "total_output_tokens": 1856
}
dgx-attacc: (A100a x 8), PIM:bank, [Lin, Lout, batch]: [2048, 128, 1]
Wrote ablation report to /data2/chenyi9/KV-PIM/attacc_drampim_xinyao/output/20260828-125509_workload_mapreduce_sum_m8_LLAMA3-8B_k2/dag_A1.json
REPORT_SUMMARY {"ablation": "A1", "decode_attn": "pim", "energy_nj": 188468847691879.22, "engine": "dag", "event_count": 847328, "kv_mapping": "private", "link_bytes": 26638450688, "makespan_s": 59.554410070907046, "pim_prefill_mode": "gpu", "policy": "no-reuse-physical"}
