[warm] collected 93184 Acc ops -> 59456 unique shapes (single build 3001s); simulating with up to 3 workers
[warm] cache ready after 3021s total; repriced 1017453 events, finalizing once
{
  "kind": "supervisor",
  "requests": 9,
  "reuse": {
    "cacheblend_full_recompute_layers": [],
    "cacheblend_partial_recompute_layers": [],
    "cacheblend_partial_rows": {},
    "cacheblend_recompute_ratio": 0.0,
    "cachecraft_alpha": 0.05,
    "epic_prefix_recompute_tokens": 2,
    "fresh_tokens": 198608,
    "policy": "recompute",
    "random_seed": 0,
    "recompute_canonical": false,
    "reusable_segments": [
      {
        "cache_owner": "map0",
        "epic_prefix_rows": [],
        "fingerprint": "ee2ff0f095f0427d",
        "length": 300,
        "owner_tier": 0,
        "request": "map1",
        "segment_index": 0
      },
      {
        "cache_owner": "map0",
        "epic_prefix_rows": [],
        "fingerprint": "ee2ff0f095f0427d",
        "length": 300,
        "owner_tier": 0,
        "request": "map2",
        "segment_index": 0
      },
      {
        "cache_owner": "map0",
        "epic_prefix_rows": [],
        "fingerprint": "ee2ff0f095f0427d",
        "length": 300,
        "owner_tier": 0,
        "request": "map3",
        "segment_index": 0
      },
      {
        "cache_owner": "map0",
        "epic_prefix_rows": [],
        "fingerprint": "ee2ff0f095f0427d",
        "length": 300,
        "owner_tier": 0,
        "request": "map4",
        "segment_index": 0
      },
      {
        "cache_owner": "map0",
        "epic_prefix_rows": [],
        "fingerprint": "ee2ff0f095f0427d",
        "length": 300,
        "owner_tier": 0,
        "request": "map5",
        "segment_index": 0
      },
      {
        "cache_owner": "map0",
        "epic_prefix_rows": [],
        "fingerprint": "ee2ff0f095f0427d",
        "length": 300,
        "owner_tier": 0,
        "request": "map6",
        "segment_index": 0
      },
      {
        "cache_owner": "map0",
        "epic_prefix_rows": [],
        "fingerprint": "ee2ff0f095f0427d",
        "length": 300,
        "owner_tier": 0,
        "request": "map7",
        "segment_index": 0
      },
      {
        "cache_owner": "map0",
        "epic_prefix_rows": [
          98,
          194
        ],
        "fingerprint": "7fbbce6e51beeb8e",
        "length": 200,
        "owner_tier": 0,
        "request": "reduce",
        "segment_index": 0
      }
    ],
    "reused_tokens": 2300
  },
  "tiers": {
    "0": [
      "map0",
      "map1",
      "map2",
      "map3",
      "map4",
      "map5",
      "map6",
      "map7"
    ],
    "1": [
      "reduce"
    ]
  },
  "total_history_tokens": 0,
  "total_input_tokens": 200908,
  "total_output_tokens": 1856
}
dgx-attacc: (A100a x 8), PIM:bank, [Lin, Lout, batch]: [2048, 128, 1]
Wrote ablation report to /data2/chenyi9/KV-PIM/attacc_drampim_xinyao/output/20260828-125509_workload_mapreduce_sum_m8_LLAMA3-8B_k2/dag_A3.json
REPORT_SUMMARY {"ablation": "A3", "decode_attn": "pim", "energy_nj": 5499837547925.971, "engine": "dag", "event_count": 1844303, "kv_mapping": "naive", "link_bytes": 19164659950, "makespan_s": 69.42091157901802, "pim_prefill_mode": "gpu", "policy": "recompute"}
