{
  "kind": "rag",
  "requests": 40,
  "reuse": {
    "cacheblend_full_recompute_layers": [],
    "cacheblend_partial_recompute_layers": [],
    "cacheblend_partial_rows": {},
    "cacheblend_recompute_ratio": 0.0,
    "cachecraft_alpha": 0.05,
    "epic_prefix_recompute_tokens": 8,
    "fresh_tokens": 393797,
    "policy": "epic",
    "random_seed": 0,
    "reusable_segments": [
      {
        "cache_owner": "0",
        "epic_prefix_rows": [],
        "fingerprint": "mc0",
        "length": 512,
        "owner_tier": 0,
        "request": "1",
        "segment_index": 0
      },
      {
        "cache_owner": "0",
        "epic_prefix_rows": [],
        "fingerprint": "mc0",
        "length": 512,
        "owner_tier": 0,
        "request": "10",
        "segment_index": 0
      },
      {
        "cache_owner": "0",
        "epic_prefix_rows": [],
        "fingerprint": "mc0",
        "length": 512,
        "owner_tier": 0,
        "request": "11",
        "segment_index": 0
      },
      {
        "cache_owner": "0",
        "epic_prefix_rows": [],
        "fingerprint": "mc0",
        "length": 512,
        "owner_tier": 0,
        "request": "12",
        "segment_index": 0
      },
      {
        "cache_owner": "13",
        "epic_prefix_rows": [],
        "fingerprint": "mc46",
        "length": 512,
        "owner_tier": 0,
        "request": "14",
        "segment_index": 0
      },
      {
        "cache_owner": "13",
        "epic_prefix_rows": [],
        "fingerprint": "mc47",
        "length": 512,
        "owner_tier": 0,
        "request": "14",
        "segment_index": 1
      },
      {
        "cache_owner": "13",
        "epic_prefix_rows": [],
        "fingerprint": "mc48",
        "length": 512,
        "owner_tier": 0,
        "request": "14",
        "segment_index": 2
      },
      {
        "cache_owner": "13",
        "epic_prefix_rows": [],
        "fingerprint": "mc49",
        "length": 512,
        "owner_tier": 0,
        "request": "14",
        "segment_index": 3
      },
      {
        "cache_owner": "13",
        "epic_prefix_rows": [],
        "fingerprint": "mc50",
        "length": 512,
        "owner_tier": 0,
        "request": "14",
        "segment_index": 4
      },
      {
        "cache_owner": "13",
        "epic_prefix_rows": [],
        "fingerprint": "mc51",
        "length": 512,
        "owner_tier": 0,
        "request": "14",
        "segment_index": 5
      },
      {
        "cache_owner": "13",
        "epic_prefix_rows": [],
        "fingerprint": "mc52",
        "length": 512,
        "owner_tier": 0,
        "request": "14",
        "segment_index": 6
      },
      {
        "cache_owner": "13",
        "epic_prefix_rows": [],
        "fingerprint": "mc53",
        "length": 512,
        "owner_tier": 0,
        "request": "14",
        "segment_index": 7
      },
      {
        "cache_owner": "13",
        "epic_prefix_rows": [],
        "fingerprint": "mc54",
        "length": 512,
        "owner_tier": 0,
        "request": "14",
        "segment_index": 8
      },
      {
        "cache_owner": "13",
        "epic_prefix_rows": [],
        "fingerprint": "mc55",
        "length": 512,
        "owner_tier": 0,
        "request": "14",
        "segment_index": 9
      },
      {
        "cache_owner": "13",
        "epic_prefix_rows": [],
        "fingerprint": "mc56",
        "length": 512,
        "owner_tier": 0,
        "request": "14",
        "segment_index": 10
      },
      {
        "cache_owner": "13",
        "epic_prefix_rows": [],
        "fingerprint": "mc57",
        "length": 512,
        "owner_tier": 0,
        "request": "14",
        "segment_index": 11
      },
      {
        "cache_owner": "0",
        "epic_prefix_rows": [],
        "fingerprint": "mc0",
        "length": 512,
        "owner_tier": 0,
        "request": "15",
        "segment_index": 0
      },
      {
        "cache_owner": "0",
        "epic_prefix_rows": [],
        "fingerprint": "mc0",
        "length": 512,
        "owner_tier": 0,
        "request": "16",
        "segment_index": 0
      },
      {
        "cache_owner": "13",
        "epic_prefix_rows": [],
        "fingerprint": "mc46",
        "length": 512,
        "owner_tier": 0,
        "request": "17",
        "segment_index": 0
      },
      {
        "cache_owner": "13",
        "epic_prefix_rows": [],
        "fingerprint": "mc47",
        "length": 512,
        "owner_tier": 0,
        "request": "17",
        "segment_index": 1
      },
      {
        "cache_owner": "13",
        "epic_prefix_rows": [],
        "fingerprint": "mc48",
        "length": 512,
        "owner_tier": 0,
        "request": "17",
        "segment_index": 2
      },
      {
        "cache_owner": "13",
        "epic_prefix_rows": [],
        "fingerprint": "mc49",
        "length": 512,
        "owner_tier": 0,
        "request": "17",
        "segment_index": 3
      },
      {
        "cache_owner": "13",
        "epic_prefix_rows": [],
        "fingerprint": "mc50",
        "length": 512,
        "owner_tier": 0,
        "request": "17",
        "segment_index": 4
      },
      {
        "cache_owner": "13",
        "epic_prefix_rows": [],
        "fingerprint": "mc51",
        "length": 512,
        "owner_tier": 0,
        "request": "17",
        "segment_index": 5
      },
      {
        "cache_owner": "13",
        "epic_prefix_rows": [],
        "fingerprint": "mc52",
        "length": 512,
        "owner_tier": 0,
        "request": "17",
        "segment_index": 6
      },
      {
        "cache_owner": "13",
        "epic_prefix_rows": [],
        "fingerprint": "mc53",
        "length": 512,
        "owner_tier": 0,
        "request": "17",
        "segment_index": 7
      },
      {
        "cache_owner": "13",
        "epic_prefix_rows": [],
        "fingerprint": "mc54",
        "length": 512,
        "owner_tier": 0,
        "request": "17",
        "segment_index": 8
      },
      {
        "cache_owner": "13",
        "epic_prefix_rows": [],
        "fingerprint": "mc55",
        "length": 512,
        "owner_tier": 0,
        "request": "17",
        "segment_index": 9
      },
      {
        "cache_owner": "13",
        "epic_prefix_rows": [],
        "fingerprint": "mc56",
        "length": 512,
        "owner_tier": 0,
        "request": "17",
        "segment_index": 10
      },
      {
        "cache_owner": "13",
        "epic_prefix_rows": [],
        "fingerprint": "mc57",
        "length": 512,
        "owner_tier": 0,
        "request": "17",
        "segment_index": 11
      },
      {
        "cache_owner": "0",
        "epic_prefix_rows": [],
        "fingerprint": "mc0",
        "length": 512,
        "owner_tier": 0,
        "request": "18",
        "segment_index": 0
      },
      {
        "cache_owner": "0",
        "epic_prefix_rows": [],
        "fingerprint": "mc0",
        "length": 512,
        "owner_tier": 0,
        "request": "19",
        "segment_index": 0
      },
      {
        "cache_owner": "0",
        "epic_prefix_rows": [],
        "fingerprint": "mc0",
        "length": 512,
        "owner_tier": 0,
        "request": "2",
        "segment_index": 0
      },
      {
        "cache_owner": "20",
        "epic_prefix_rows": [],
        "fingerprint": "mc74",
        "length": 512,
        "owner_tier": 0,
        "request": "21",
        "segment_index": 0
      },
      {
        "cache_owner": "20",
        "epic_prefix_rows": [],
        "fingerprint": "mc75",
        "length": 512,
        "owner_tier": 0,
        "request": "21",
        "segment_index": 1
      },
      {
        "cache_owner": "20",
        "epic_prefix_rows": [],
        "fingerprint": "mc76",
        "length": 512,
        "owner_tier": 0,
        "request": "21",
        "segment_index": 2
      },
      {
        "cache_owner": "20",
        "epic_prefix_rows": [],
        "fingerprint": "mc77",
        "length": 512,
        "owner_tier": 0,
        "request": "21",
        "segment_index": 3
      },
      {
        "cache_owner": "20",
        "epic_prefix_rows": [],
        "fingerprint": "mc78",
        "length": 512,
        "owner_tier": 0,
        "request": "21",
        "segment_index": 4
      },
      {
        "cache_owner": "20",
        "epic_prefix_rows": [],
        "fingerprint": "mc74",
        "length": 512,
        "owner_tier": 0,
        "request": "22",
        "segment_index": 0
      },
      {
        "cache_owner": "20",
        "epic_prefix_rows": [],
        "fingerprint": "mc75",
        "length": 512,
        "owner_tier": 0,
        "request": "22",
        "segment_index": 1
      },
      {
        "cache_owner": "20",
        "epic_prefix_rows": [],
        "fingerprint": "mc76",
        "length": 512,
        "owner_tier": 0,
        "request": "22",
        "segment_index": 2
      },
      {
        "cache_owner": "20",
        "epic_prefix_rows": [],
        "fingerprint": "mc77",
        "length": 512,
        "owner_tier": 0,
        "request": "22",
        "segment_index": 3
      },
      {
        "cache_owner": "20",
        "epic_prefix_rows": [],
        "fingerprint": "mc78",
        "length": 512,
        "owner_tier": 0,
        "request": "22",
        "segment_index": 4
      },
      {
        "cache_owner": "13",
        "epic_prefix_rows": [],
        "fingerprint": "mc46",
        "length": 512,
        "owner_tier": 0,
        "request": "23",
        "segment_index": 0
      },
      {
        "cache_owner": "13",
        "epic_prefix_rows": [],
        "fingerprint": "mc47",
        "length": 512,
        "owner_tier": 0,
        "request": "23",
        "segment_index": 1
      },
      {
        "cache_owner": "13",
        "epic_prefix_rows": [],
        "fingerprint": "mc48",
        "length": 512,
        "owner_tier": 0,
        "request": "23",
        "segment_index": 2
      },
      {
        "cache_owner": "13",
        "epic_prefix_rows": [],
        "fingerprint": "mc49",
        "length": 512,
        "owner_tier": 0,
        "request": "23",
        "segment_index": 3
      },
      {
        "cache_owner": "13",
        "epic_prefix_rows": [],
        "fingerprint": "mc50",
        "length": 512,
        "owner_tier": 0,
        "request": "23",
        "segment_index": 4
      },
      {
        "cache_owner": "13",
        "epic_prefix_rows": [],
        "fingerprint": "mc51",
        "length": 512,
        "owner_tier": 0,
        "request": "23",
        "segment_index": 5
      },
      {
        "cache_owner": "13",
        "epic_prefix_rows": [],
        "fingerprint": "mc52",
        "length": 512,
        "owner_tier": 0,
        "request": "23",
        "segment_index": 6
      },
      {
        "cache_owner": "13",
        "epic_prefix_rows": [],
        "fingerprint": "mc53",
        "length": 512,
        "owner_tier": 0,
        "request": "23",
        "segment_index": 7
      },
      {
        "cache_owner": "13",
        "epic_prefix_rows": [],
        "fingerprint": "mc54",
        "length": 512,
        "owner_tier": 0,
        "request": "23",
        "segment_index": 8
      },
      {
        "cache_owner": "13",
        "epic_prefix_rows": [],
        "fingerprint": "mc55",
        "length": 512,
        "owner_tier": 0,
        "request": "23",
        "segment_index": 9
      },
      {
        "cache_owner": "13",
        "epic_prefix_rows": [],
        "fingerprint": "mc56",
        "length": 512,
        "owner_tier": 0,
        "request": "23",
        "segment_index": 10
      },
      {
        "cache_owner": "13",
        "epic_prefix_rows": [],
        "fingerprint": "mc57",
        "length": 512,
        "owner_tier": 0,
        "request": "23",
        "segment_index": 11
      },
      {
        "cache_owner": "20",
        "epic_prefix_rows": [],
        "fingerprint": "mc74",
        "length": 512,
        "owner_tier": 0,
        "request": "24",
        "segment_index": 0
      },
      {
        "cache_owner": "20",
        "epic_prefix_rows": [],
        "fingerprint": "mc75",
        "length": 512,
        "owner_tier": 0,
        "request": "24",
        "segment_index": 1
      },
      {
        "cache_owner": "20",
        "epic_prefix_rows": [],
        "fingerprint": "mc76",
        "length": 512,
        "owner_tier": 0,
        "request": "24",
        "segment_index": 2
      },
      {
        "cache_owner": "20",
        "epic_prefix_rows": [],
        "fingerprint": "mc77",
        "length": 512,
        "owner_tier": 0,
        "request": "24",
        "segment_index": 3
      },
      {
        "cache_owner": "20",
        "epic_prefix_rows": [],
        "fingerprint": "mc78",
        "length": 512,
        "owner_tier": 0,
        "request": "24",
        "segment_index": 4
      },
      {
        "cache_owner": "0",
        "epic_prefix_rows": [],
        "fingerprint": "mc0",
        "length": 512,
        "owner_tier": 0,
        "request": "25",
        "segment_index": 0
      },
      {
        "cache_owner": "13",
        "epic_prefix_rows": [],
        "fingerprint": "mc46",
        "length": 512,
        "owner_tier": 0,
        "request": "26",
        "segment_index": 0
      },
      {
        "cache_owner": "13",
        "epic_prefix_rows": [],
        "fingerprint": "mc47",
        "length": 512,
        "owner_tier": 0,
        "request": "26",
        "segment_index": 1
      },
      {
        "cache_owner": "13",
        "epic_prefix_rows": [],
        "fingerprint": "mc48",
        "length": 512,
        "owner_tier": 0,
        "request": "26",
        "segment_index": 2
      },
      {
        "cache_owner": "13",
        "epic_prefix_rows": [],
        "fingerprint": "mc49",
        "length": 512,
        "owner_tier": 0,
        "request": "26",
        "segment_index": 3
      },
      {
        "cache_owner": "13",
        "epic_prefix_rows": [],
        "fingerprint": "mc50",
        "length": 512,
        "owner_tier": 0,
        "request": "26",
        "segment_index": 4
      },
      {
        "cache_owner": "13",
        "epic_prefix_rows": [],
        "fingerprint": "mc51",
        "length": 512,
        "owner_tier": 0,
        "request": "26",
        "segment_index": 5
      },
      {
        "cache_owner": "13",
        "epic_prefix_rows": [],
        "fingerprint": "mc52",
        "length": 512,
        "owner_tier": 0,
        "request": "26",
        "segment_index": 6
      },
      {
        "cache_owner": "13",
        "epic_prefix_rows": [],
        "fingerprint": "mc53",
        "length": 512,
        "owner_tier": 0,
        "request": "26",
        "segment_index": 7
      },
      {
        "cache_owner": "13",
        "epic_prefix_rows": [],
        "fingerprint": "mc54",
        "length": 512,
        "owner_tier": 0,
        "request": "26",
        "segment_index": 8
      },
      {
        "cache_owner": "13",
        "epic_prefix_rows": [],
        "fingerprint": "mc55",
        "length": 512,
        "owner_tier": 0,
        "request": "26",
        "segment_index": 9
      },
      {
        "cache_owner": "13",
        "epic_prefix_rows": [],
        "fingerprint": "mc56",
        "length": 512,
        "owner_tier": 0,
        "request": "26",
        "segment_index": 10
      },
      {
        "cache_owner": "13",
        "epic_prefix_rows": [],
        "fingerprint": "mc57",
        "length": 512,
        "owner_tier": 0,
        "request": "26",
        "segment_index": 11
      },
      {
        "cache_owner": "0",
        "epic_prefix_rows": [],
        "fingerprint": "mc0",
        "length": 512,
        "owner_tier": 0,
        "request": "27",
        "segment_index": 0
      },
      {
        "cache_owner": "0",
        "epic_prefix_rows": [],
        "fingerprint": "mc0",
        "length": 512,
        "owner_tier": 0,
        "request": "28",
        "segment_index": 0
      },
      {
        "cache_owner": "0",
        "epic_prefix_rows": [],
        "fingerprint": "mc0",
        "length": 512,
        "owner_tier": 0,
        "request": "29",
        "segment_index": 0
      },
      {
        "cache_owner": "0",
        "epic_prefix_rows": [],
        "fingerprint": "mc0",
        "length": 512,
        "owner_tier": 0,
        "request": "3",
        "segment_index": 0
      },
      {
        "cache_owner": "0",
        "epic_prefix_rows": [],
        "fingerprint": "mc0",
        "length": 512,
        "owner_tier": 0,
        "request": "30",
        "segment_index": 0
      },
      {
        "cache_owner": "0",
        "epic_prefix_rows": [],
        "fingerprint": "mc0",
        "length": 512,
        "owner_tier": 0,
        "request": "31",
        "segment_index": 0
      },
      {
        "cache_owner": "0",
        "epic_prefix_rows": [],
        "fingerprint": "mc0",
        "length": 512,
        "owner_tier": 0,
        "request": "32",
        "segment_index": 0
      },
      {
        "cache_owner": "0",
        "epic_prefix_rows": [],
        "fingerprint": "mc0",
        "length": 512,
        "owner_tier": 0,
        "request": "33",
        "segment_index": 0
      },
      {
        "cache_owner": "0",
        "epic_prefix_rows": [],
        "fingerprint": "mc0",
        "length": 512,
        "owner_tier": 0,
        "request": "34",
        "segment_index": 0
      },
      {
        "cache_owner": "0",
        "epic_prefix_rows": [],
        "fingerprint": "mc0",
        "length": 512,
        "owner_tier": 0,
        "request": "35",
        "segment_index": 0
      },
      {
        "cache_owner": "13",
        "epic_prefix_rows": [],
        "fingerprint": "mc46",
        "length": 512,
        "owner_tier": 0,
        "request": "36",
        "segment_index": 0
      },
      {
        "cache_owner": "13",
        "epic_prefix_rows": [],
        "fingerprint": "mc47",
        "length": 512,
        "owner_tier": 0,
        "request": "36",
        "segment_index": 1
      },
      {
        "cache_owner": "13",
        "epic_prefix_rows": [],
        "fingerprint": "mc48",
        "length": 512,
        "owner_tier": 0,
        "request": "36",
        "segment_index": 2
      },
      {
        "cache_owner": "13",
        "epic_prefix_rows": [],
        "fingerprint": "mc49",
        "length": 512,
        "owner_tier": 0,
        "request": "36",
        "segment_index": 3
      },
      {
        "cache_owner": "13",
        "epic_prefix_rows": [],
        "fingerprint": "mc50",
        "length": 512,
        "owner_tier": 0,
        "request": "36",
        "segment_index": 4
      },
      {
        "cache_owner": "13",
        "epic_prefix_rows": [],
        "fingerprint": "mc51",
        "length": 512,
        "owner_tier": 0,
        "request": "36",
        "segment_index": 5
      },
      {
        "cache_owner": "13",
        "epic_prefix_rows": [],
        "fingerprint": "mc52",
        "length": 512,
        "owner_tier": 0,
        "request": "36",
        "segment_index": 6
      },
      {
        "cache_owner": "13",
        "epic_prefix_rows": [],
        "fingerprint": "mc53",
        "length": 512,
        "owner_tier": 0,
        "request": "36",
        "segment_index": 7
      },
      {
        "cache_owner": "13",
        "epic_prefix_rows": [],
        "fingerprint": "mc54",
        "length": 512,
        "owner_tier": 0,
        "request": "36",
        "segment_index": 8
      },
      {
        "cache_owner": "13",
        "epic_prefix_rows": [],
        "fingerprint": "mc55",
        "length": 512,
        "owner_tier": 0,
        "request": "36",
        "segment_index": 9
      },
      {
        "cache_owner": "13",
        "epic_prefix_rows": [],
        "fingerprint": "mc56",
        "length": 512,
        "owner_tier": 0,
        "request": "36",
        "segment_index": 10
      },
      {
        "cache_owner": "13",
        "epic_prefix_rows": [],
        "fingerprint": "mc57",
        "length": 512,
        "owner_tier": 0,
        "request": "36",
        "segment_index": 11
      },
      {
        "cache_owner": "13",
        "epic_prefix_rows": [],
        "fingerprint": "mc46",
        "length": 512,
        "owner_tier": 0,
        "request": "37",
        "segment_index": 0
      },
      {
        "cache_owner": "13",
        "epic_prefix_rows": [],
        "fingerprint": "mc47",
        "length": 512,
        "owner_tier": 0,
        "request": "37",
        "segment_index": 1
      },
      {
        "cache_owner": "13",
        "epic_prefix_rows": [],
        "fingerprint": "mc48",
        "length": 512,
        "owner_tier": 0,
        "request": "37",
        "segment_index": 2
      },
      {
        "cache_owner": "13",
        "epic_prefix_rows": [],
        "fingerprint": "mc49",
        "length": 512,
        "owner_tier": 0,
        "request": "37",
        "segment_index": 3
      },
      {
        "cache_owner": "13",
        "epic_prefix_rows": [],
        "fingerprint": "mc50",
        "length": 512,
        "owner_tier": 0,
        "request": "37",
        "segment_index": 4
      },
      {
        "cache_owner": "13",
        "epic_prefix_rows": [],
        "fingerprint": "mc51",
        "length": 512,
        "owner_tier": 0,
        "request": "37",
        "segment_index": 5
      },
      {
        "cache_owner": "13",
        "epic_prefix_rows": [],
        "fingerprint": "mc52",
        "length": 512,
        "owner_tier": 0,
        "request": "37",
        "segment_index": 6
      },
      {
        "cache_owner": "13",
        "epic_prefix_rows": [],
        "fingerprint": "mc53",
        "length": 512,
        "owner_tier": 0,
        "request": "37",
        "segment_index": 7
      },
      {
        "cache_owner": "13",
        "epic_prefix_rows": [],
        "fingerprint": "mc54",
        "length": 512,
        "owner_tier": 0,
        "request": "37",
        "segment_index": 8
      },
      {
        "cache_owner": "13",
        "epic_prefix_rows": [],
        "fingerprint": "mc55",
        "length": 512,
        "owner_tier": 0,
        "request": "37",
        "segment_index": 9
      },
      {
        "cache_owner": "13",
        "epic_prefix_rows": [],
        "fingerprint": "mc56",
        "length": 512,
        "owner_tier": 0,
        "request": "37",
        "segment_index": 10
      },
      {
        "cache_owner": "13",
        "epic_prefix_rows": [],
        "fingerprint": "mc57",
        "length": 512,
        "owner_tier": 0,
        "request": "37",
        "segment_index": 11
      },
      {
        "cache_owner": "13",
        "epic_prefix_rows": [],
        "fingerprint": "mc46",
        "length": 512,
        "owner_tier": 0,
        "request": "38",
        "segment_index": 0
      },
      {
        "cache_owner": "13",
        "epic_prefix_rows": [],
        "fingerprint": "mc47",
        "length": 512,
        "owner_tier": 0,
        "request": "38",
        "segment_index": 1
      },
      {
        "cache_owner": "13",
        "epic_prefix_rows": [],
        "fingerprint": "mc48",
        "length": 512,
        "owner_tier": 0,
        "request": "38",
        "segment_index": 2
      },
      {
        "cache_owner": "13",
        "epic_prefix_rows": [],
        "fingerprint": "mc49",
        "length": 512,
        "owner_tier": 0,
        "request": "38",
        "segment_index": 3
      },
      {
        "cache_owner": "13",
        "epic_prefix_rows": [],
        "fingerprint": "mc50",
        "length": 512,
        "owner_tier": 0,
        "request": "38",
        "segment_index": 4
      },
      {
        "cache_owner": "13",
        "epic_prefix_rows": [],
        "fingerprint": "mc51",
        "length": 512,
        "owner_tier": 0,
        "request": "38",
        "segment_index": 5
      },
      {
        "cache_owner": "13",
        "epic_prefix_rows": [],
        "fingerprint": "mc52",
        "length": 512,
        "owner_tier": 0,
        "request": "38",
        "segment_index": 6
      },
      {
        "cache_owner": "13",
        "epic_prefix_rows": [],
        "fingerprint": "mc53",
        "length": 512,
        "owner_tier": 0,
        "request": "38",
        "segment_index": 7
      },
      {
        "cache_owner": "13",
        "epic_prefix_rows": [],
        "fingerprint": "mc54",
        "length": 512,
        "owner_tier": 0,
        "request": "38",
        "segment_index": 8
      },
      {
        "cache_owner": "13",
        "epic_prefix_rows": [],
        "fingerprint": "mc55",
        "length": 512,
        "owner_tier": 0,
        "request": "38",
        "segment_index": 9
      },
      {
        "cache_owner": "13",
        "epic_prefix_rows": [],
        "fingerprint": "mc56",
        "length": 512,
        "owner_tier": 0,
        "request": "38",
        "segment_index": 10
      },
      {
        "cache_owner": "13",
        "epic_prefix_rows": [],
        "fingerprint": "mc57",
        "length": 512,
        "owner_tier": 0,
        "request": "38",
        "segment_index": 11
      },
      {
        "cache_owner": "13",
        "epic_prefix_rows": [],
        "fingerprint": "mc46",
        "length": 512,
        "owner_tier": 0,
        "request": "39",
        "segment_index": 0
      },
      {
        "cache_owner": "13",
        "epic_prefix_rows": [],
        "fingerprint": "mc47",
        "length": 512,
        "owner_tier": 0,
        "request": "39",
        "segment_index": 1
      },
      {
        "cache_owner": "13",
        "epic_prefix_rows": [],
        "fingerprint": "mc48",
        "length": 512,
        "owner_tier": 0,
        "request": "39",
        "segment_index": 2
      },
      {
        "cache_owner": "13",
        "epic_prefix_rows": [],
        "fingerprint": "mc49",
        "length": 512,
        "owner_tier": 0,
        "request": "39",
        "segment_index": 3
      },
      {
        "cache_owner": "13",
        "epic_prefix_rows": [],
        "fingerprint": "mc50",
        "length": 512,
        "owner_tier": 0,
        "request": "39",
        "segment_index": 4
      },
      {
        "cache_owner": "13",
        "epic_prefix_rows": [],
        "fingerprint": "mc51",
        "length": 512,
        "owner_tier": 0,
        "request": "39",
        "segment_index": 5
      },
      {
        "cache_owner": "13",
        "epic_prefix_rows": [],
        "fingerprint": "mc52",
        "length": 512,
        "owner_tier": 0,
        "request": "39",
        "segment_index": 6
      },
      {
        "cache_owner": "13",
        "epic_prefix_rows": [],
        "fingerprint": "mc53",
        "length": 512,
        "owner_tier": 0,
        "request": "39",
        "segment_index": 7
      },
      {
        "cache_owner": "13",
        "epic_prefix_rows": [],
        "fingerprint": "mc54",
        "length": 512,
        "owner_tier": 0,
        "request": "39",
        "segment_index": 8
      },
      {
        "cache_owner": "13",
        "epic_prefix_rows": [],
        "fingerprint": "mc55",
        "length": 512,
        "owner_tier": 0,
        "request": "39",
        "segment_index": 9
      },
      {
        "cache_owner": "13",
        "epic_prefix_rows": [],
        "fingerprint": "mc56",
        "length": 512,
        "owner_tier": 0,
        "request": "39",
        "segment_index": 10
      },
      {
        "cache_owner": "13",
        "epic_prefix_rows": [],
        "fingerprint": "mc57",
        "length": 512,
        "owner_tier": 0,
        "request": "39",
        "segment_index": 11
      },
      {
        "cache_owner": "13",
        "epic_prefix_rows": [],
        "fingerprint": "mc46",
        "length": 512,
        "owner_tier": 0,
        "request": "4",
        "segment_index": 0
      },
      {
        "cache_owner": "13",
        "epic_prefix_rows": [],
        "fingerprint": "mc47",
        "length": 512,
        "owner_tier": 0,
        "request": "4",
        "segment_index": 1
      },
      {
        "cache_owner": "13",
        "epic_prefix_rows": [],
        "fingerprint": "mc48",
        "length": 512,
        "owner_tier": 0,
        "request": "4",
        "segment_index": 2
      },
      {
        "cache_owner": "13",
        "epic_prefix_rows": [],
        "fingerprint": "mc49",
        "length": 512,
        "owner_tier": 0,
        "request": "4",
        "segment_index": 3
      },
      {
        "cache_owner": "13",
        "epic_prefix_rows": [],
        "fingerprint": "mc50",
        "length": 512,
        "owner_tier": 0,
        "request": "4",
        "segment_index": 4
      },
      {
        "cache_owner": "13",
        "epic_prefix_rows": [],
        "fingerprint": "mc51",
        "length": 512,
        "owner_tier": 0,
        "request": "4",
        "segment_index": 5
      },
      {
        "cache_owner": "13",
        "epic_prefix_rows": [],
        "fingerprint": "mc52",
        "length": 512,
        "owner_tier": 0,
        "request": "4",
        "segment_index": 6
      },
      {
        "cache_owner": "13",
        "epic_prefix_rows": [],
        "fingerprint": "mc53",
        "length": 512,
        "owner_tier": 0,
        "request": "4",
        "segment_index": 7
      },
      {
        "cache_owner": "13",
        "epic_prefix_rows": [],
        "fingerprint": "mc54",
        "length": 512,
        "owner_tier": 0,
        "request": "4",
        "segment_index": 8
      },
      {
        "cache_owner": "13",
        "epic_prefix_rows": [],
        "fingerprint": "mc55",
        "length": 512,
        "owner_tier": 0,
        "request": "4",
        "segment_index": 9
      },
      {
        "cache_owner": "13",
        "epic_prefix_rows": [],
        "fingerprint": "mc56",
        "length": 512,
        "owner_tier": 0,
        "request": "4",
        "segment_index": 10
      },
      {
        "cache_owner": "13",
        "epic_prefix_rows": [],
        "fingerprint": "mc57",
        "length": 512,
        "owner_tier": 0,
        "request": "4",
        "segment_index": 11
      },
      {
        "cache_owner": "13",
        "epic_prefix_rows": [],
        "fingerprint": "mc46",
        "length": 512,
        "owner_tier": 0,
        "request": "5",
        "segment_index": 0
      },
      {
        "cache_owner": "13",
        "epic_prefix_rows": [],
        "fingerprint": "mc47",
        "length": 512,
        "owner_tier": 0,
        "request": "5",
        "segment_index": 1
      },
      {
        "cache_owner": "13",
        "epic_prefix_rows": [],
        "fingerprint": "mc48",
        "length": 512,
        "owner_tier": 0,
        "request": "5",
        "segment_index": 2
      },
      {
        "cache_owner": "13",
        "epic_prefix_rows": [],
        "fingerprint": "mc49",
        "length": 512,
        "owner_tier": 0,
        "request": "5",
        "segment_index": 3
      },
      {
        "cache_owner": "13",
        "epic_prefix_rows": [],
        "fingerprint": "mc50",
        "length": 512,
        "owner_tier": 0,
        "request": "5",
        "segment_index": 4
      },
      {
        "cache_owner": "13",
        "epic_prefix_rows": [],
        "fingerprint": "mc51",
        "length": 512,
        "owner_tier": 0,
        "request": "5",
        "segment_index": 5
      },
      {
        "cache_owner": "13",
        "epic_prefix_rows": [],
        "fingerprint": "mc52",
        "length": 512,
        "owner_tier": 0,
        "request": "5",
        "segment_index": 6
      },
      {
        "cache_owner": "13",
        "epic_prefix_rows": [],
        "fingerprint": "mc53",
        "length": 512,
        "owner_tier": 0,
        "request": "5",
        "segment_index": 7
      },
      {
        "cache_owner": "13",
        "epic_prefix_rows": [],
        "fingerprint": "mc54",
        "length": 512,
        "owner_tier": 0,
        "request": "5",
        "segment_index": 8
      },
      {
        "cache_owner": "13",
        "epic_prefix_rows": [],
        "fingerprint": "mc55",
        "length": 512,
        "owner_tier": 0,
        "request": "5",
        "segment_index": 9
      },
      {
        "cache_owner": "13",
        "epic_prefix_rows": [],
        "fingerprint": "mc56",
        "length": 512,
        "owner_tier": 0,
        "request": "5",
        "segment_index": 10
      },
      {
        "cache_owner": "13",
        "epic_prefix_rows": [],
        "fingerprint": "mc57",
        "length": 512,
        "owner_tier": 0,
        "request": "5",
        "segment_index": 11
      },
      {
        "cache_owner": "0",
        "epic_prefix_rows": [],
        "fingerprint": "mc0",
        "length": 512,
        "owner_tier": 0,
        "request": "6",
        "segment_index": 0
      },
      {
        "cache_owner": "20",
        "epic_prefix_rows": [],
        "fingerprint": "mc74",
        "length": 512,
        "owner_tier": 0,
        "request": "7",
        "segment_index": 0
      },
      {
        "cache_owner": "20",
        "epic_prefix_rows": [],
        "fingerprint": "mc75",
        "length": 512,
        "owner_tier": 0,
        "request": "7",
        "segment_index": 1
      },
      {
        "cache_owner": "20",
        "epic_prefix_rows": [],
        "fingerprint": "mc76",
        "length": 512,
        "owner_tier": 0,
        "request": "7",
        "segment_index": 2
      },
      {
        "cache_owner": "20",
        "epic_prefix_rows": [],
        "fingerprint": "mc77",
        "length": 512,
        "owner_tier": 0,
        "request": "7",
        "segment_index": 3
      },
      {
        "cache_owner": "20",
        "epic_prefix_rows": [],
        "fingerprint": "mc78",
        "length": 512,
        "owner_tier": 0,
        "request": "7",
        "segment_index": 4
      },
      {
        "cache_owner": "0",
        "epic_prefix_rows": [],
        "fingerprint": "mc0",
        "length": 512,
        "owner_tier": 0,
        "request": "8",
        "segment_index": 0
      },
      {
        "cache_owner": "20",
        "epic_prefix_rows": [],
        "fingerprint": "mc74",
        "length": 512,
        "owner_tier": 0,
        "request": "9",
        "segment_index": 0
      },
      {
        "cache_owner": "20",
        "epic_prefix_rows": [],
        "fingerprint": "mc75",
        "length": 512,
        "owner_tier": 0,
        "request": "9",
        "segment_index": 1
      },
      {
        "cache_owner": "20",
        "epic_prefix_rows": [],
        "fingerprint": "mc76",
        "length": 512,
        "owner_tier": 0,
        "request": "9",
        "segment_index": 2
      },
      {
        "cache_owner": "20",
        "epic_prefix_rows": [],
        "fingerprint": "mc77",
        "length": 512,
        "owner_tier": 0,
        "request": "9",
        "segment_index": 3
      },
      {
        "cache_owner": "20",
        "epic_prefix_rows": [],
        "fingerprint": "mc78",
        "length": 512,
        "owner_tier": 0,
        "request": "9",
        "segment_index": 4
      }
    ],
    "reused_tokens": 85504
  },
  "tiers": {
    "0": [
      "0",
      "1",
      "2",
      "3",
      "4",
      "5",
      "6",
      "7",
      "8",
      "9",
      "10",
      "11",
      "12",
      "13",
      "14",
      "15",
      "16",
      "17",
      "18",
      "19",
      "20",
      "21",
      "22",
      "23",
      "24",
      "25",
      "26",
      "27",
      "28",
      "29",
      "30",
      "31",
      "32",
      "33",
      "34",
      "35",
      "36",
      "37",
      "38",
      "39"
    ]
  },
  "total_history_tokens": 120,
  "total_input_tokens": 479301,
  "total_output_tokens": 10202
}