[warm] collected 127488 Acc ops -> 127488 unique shapes (single build 5143s); simulating with up to 8 workers
[warm] cache ready after 17242s total; repriced 311456 events, finalizing once
{
  "kind": "supervisor",
  "requests": 16,
  "reuse": {
    "cacheblend_full_recompute_layers": [],
    "cacheblend_partial_recompute_layers": [],
    "cacheblend_partial_rows": {},
    "cacheblend_recompute_ratio": 0.0,
    "cachecraft_alpha": 0.05,
    "epic_prefix_recompute_tokens": 1,
    "fresh_tokens": 126016,
    "policy": "no-reuse",
    "random_seed": 0,
    "recompute_canonical": false,
    "reusable_segments": [],
    "reused_tokens": 0
  },
  "tiers": {
    "0": [
      "d0.r0",
      "d1.r0",
      "d2.r0"
    ],
    "1": [
      "d0.r1",
      "d1.r1",
      "d2.r1"
    ],
    "2": [
      "d0.r2",
      "d1.r2",
      "d2.r2"
    ],
    "3": [
      "d0.r3",
      "d1.r3",
      "d2.r3"
    ],
    "4": [
      "d0.r4",
      "d1.r4",
      "d2.r4"
    ],
    "5": [
      "judge"
    ]
  },
  "total_history_tokens": 172224,
  "total_input_tokens": 126016,
  "total_output_tokens": 3968
}
dgx-attacc: (A100a x 8), PIM:bank, [Lin, Lout, batch]: [2048, 128, 1]
Wrote ablation report to /data2/chenyi9/KV-PIM/attacc_drampim_xinyao/output/20260828-173206_workload_debate_d3r5k49_LLAMA3-8B_k2/dag_A1.json
REPORT_SUMMARY {"ablation": "A1", "decode_attn": "pim", "energy_nj": 124478174318588.48, "engine": "dag", "event_count": 2047648, "kv_mapping": "private", "link_bytes": 17169317888, "makespan_s": 43.840667864570435, "pim_prefill_mode": "gpu", "policy": "no-reuse-physical"}
