{
  "kind": "supervisor",
  "requests": 4,
  "reuse": {
    "cacheblend_full_recompute_layers": [],
    "cacheblend_partial_recompute_layers": [],
    "cacheblend_partial_rows": {},
    "cacheblend_recompute_ratio": 0.0,
    "cachecraft_alpha": 0.05,
    "epic_prefix_recompute_tokens": 8,
    "fresh_tokens": 2176,
    "policy": "epic",
    "random_seed": 0,
    "reusable_segments": [
      {
        "cache_owner": "iterative__dvc-3462~0.s0",
        "epic_prefix_rows": [],
        "fingerprint": "bfc71085e702e602",
        "length": 1270,
        "owner_tier": 0,
        "request": "iterative__dvc-3462~1.s0",
        "segment_index": 0
      },
      {
        "cache_owner": "iterative__dvc-3462~0.s0",
        "epic_prefix_rows": [],
        "fingerprint": "8d186078f2b524fd",
        "length": 817,
        "owner_tier": 0,
        "request": "iterative__dvc-3462~1.s0",
        "segment_index": 1
      },
      {
        "cache_owner": "iterative__dvc-3462~1.s0",
        "epic_prefix_rows": [
          0,
          1,
          2,
          3,
          4,
          5,
          6,
          7
        ],
        "fingerprint": "919ef85ce9446dbc",
        "length": 93,
        "owner_tier": 0,
        "request": "iterative__dvc-3462~1.s1",
        "segment_index": 0
      },
      {
        "cache_owner": "iterative__dvc-3462~1.s1",
        "epic_prefix_rows": [
          0,
          1,
          2,
          3,
          4,
          5,
          6,
          7
        ],
        "fingerprint": "77db92c853559feb",
        "length": 57,
        "owner_tier": 1,
        "request": "iterative__dvc-3462~1.s2",
        "segment_index": 0
      }
    ],
    "reused_tokens": 2237
  },
  "tiers": {
    "0": [
      "iterative__dvc-3462~0.s0",
      "iterative__dvc-3462~1.s0"
    ],
    "1": [
      "iterative__dvc-3462~1.s1"
    ],
    "2": [
      "iterative__dvc-3462~1.s2"
    ]
  },
  "total_history_tokens": 4317,
  "total_input_tokens": 4413,
  "total_output_tokens": 288
}
dgx-attacc: (A100a x 8), PIM:bank, [Lin, Lout, batch]: [2048, 128, 1]
Wrote ablation report to /data2/chenyi9/KV-PIM/attacc_drampim_822/output/20260826-141955_wl_tiny_LLAMA-7B/dag_A5.json
REPORT_SUMMARY {"ablation": "A5", "decode_attn": "pim", "energy_nj": 142763402466.72632, "engine": "dag", "event_count": 235766, "kv_mapping": "master-diff", "link_bytes": 197869598, "makespan_s": 1.2932760919159485, "pim_prefill_mode": "pim", "policy": "epic"}
